Archive member included because of file (symbol)

C:\Users\Dhrumil\AppData\Local\arduino15\packages\arduino\hardware\sam\1.6.11\variants\arduino_due_x/libsam_sam3x8e_gcc_rel.a(pio.o)
                              C:\Users\Dhrumil\AppData\Local\Temp\VMBuilds\MTE380\arduino_due_x_dbg\Debug\Wire\Wire.cpp.o (PIO_Configure)
C:\Users\Dhrumil\AppData\Local\arduino15\packages\arduino\hardware\sam\1.6.11\variants\arduino_due_x/libsam_sam3x8e_gcc_rel.a(pmc.o)
                              C:\Users\Dhrumil\AppData\Local\Temp\VMBuilds\MTE380\arduino_due_x_dbg\Debug\Wire\Wire.cpp.o (pmc_enable_periph_clk)
C:\Users\Dhrumil\AppData\Local\arduino15\packages\arduino\hardware\sam\1.6.11\variants\arduino_due_x/libsam_sam3x8e_gcc_rel.a(twi.o)
                              C:\Users\Dhrumil\AppData\Local\Temp\VMBuilds\MTE380\arduino_due_x_dbg\Debug\Wire\Wire.cpp.o (TWI_SetClock)
C:\Users\Dhrumil\AppData\Local\arduino15\packages\arduino\hardware\sam\1.6.11\variants\arduino_due_x/libsam_sam3x8e_gcc_rel.a(system_sam3xa.o)
                              C:\Users\Dhrumil\AppData\Local\Temp\VMBCore\arduino16x\f1ce478460d779a7f1a10d3b7402bdba\variant\variant.cpp.o (SystemInit)
C:\Users\Dhrumil\AppData\Local\arduino15\packages\arduino\hardware\sam\1.6.11\variants\arduino_due_x/libsam_sam3x8e_gcc_rel.a(startup_sam3xa.o)
                              (Reset_Handler)
C:\Users\Dhrumil\AppData\Local\arduino15\packages\arduino\hardware\sam\1.6.11\variants\arduino_due_x/libsam_sam3x8e_gcc_rel.a(adc.o)
                              C:\Users\Dhrumil\AppData\Local\Temp\VMBCore\arduino16x\f1ce478460d779a7f1a10d3b7402bdba\variant\variant.cpp.o (adc_init)
C:\Users\Dhrumil\AppData\Local\arduino15\packages\arduino\hardware\sam\1.6.11\variants\arduino_due_x/libsam_sam3x8e_gcc_rel.a(uotghs.o)
                              C:\Users\Dhrumil\AppData\Local\arduino15\packages\arduino\hardware\sam\1.6.11\variants\arduino_due_x/libsam_sam3x8e_gcc_rel.a(startup_sam3xa.o) (UOTGHS_Handler)
C:\Users\Dhrumil\AppData\Local\Temp\VMBuilds\MTE380\arduino_due_x_dbg\Debug/core.a(cortex_handlers.c.o)
                              C:\Users\Dhrumil\AppData\Local\arduino15\packages\arduino\hardware\sam\1.6.11\variants\arduino_due_x/libsam_sam3x8e_gcc_rel.a(startup_sam3xa.o) (NMI_Handler)
C:\Users\Dhrumil\AppData\Local\Temp\VMBuilds\MTE380\arduino_due_x_dbg\Debug/core.a(hooks.c.o)
                              C:\Users\Dhrumil\AppData\Local\Temp\VMBuilds\MTE380\arduino_due_x_dbg\Debug/core.a(cortex_handlers.c.o) (sysTickHook)
C:\Users\Dhrumil\AppData\Local\Temp\VMBuilds\MTE380\arduino_due_x_dbg\Debug/core.a(syscalls_sam3.c.o)
                              (_sbrk)
C:\Users\Dhrumil\AppData\Local\Temp\VMBuilds\MTE380\arduino_due_x_dbg\Debug/core.a(wiring.c.o)
                              C:\Users\Dhrumil\AppData\Local\Temp\VMBuilds\MTE380\arduino_due_x_dbg\Debug\vl53l1_platform.cpp.o (millis)
C:\Users\Dhrumil\AppData\Local\Temp\VMBuilds\MTE380\arduino_due_x_dbg\Debug/core.a(wiring_analog.c.o)
                              C:\Users\Dhrumil\AppData\Local\Temp\VMBCore\arduino16x\f1ce478460d779a7f1a10d3b7402bdba\variant\variant.cpp.o (analogOutputInit)
C:\Users\Dhrumil\AppData\Local\Temp\VMBuilds\MTE380\arduino_due_x_dbg\Debug/core.a(wiring_digital.c.o)
                              C:\Users\Dhrumil\AppData\Local\Temp\VMBuilds\MTE380\arduino_due_x_dbg\Debug\MTE380.cpp.o (pinMode)
C:\Users\Dhrumil\AppData\Local\Temp\VMBuilds\MTE380\arduino_due_x_dbg\Debug/core.a(abi.cpp.o)
                              C:\Users\Dhrumil\AppData\Local\Temp\VMBuilds\MTE380\arduino_due_x_dbg\Debug\Wire\Wire.cpp.o (__cxa_pure_virtual)
C:\Users\Dhrumil\AppData\Local\Temp\VMBuilds\MTE380\arduino_due_x_dbg\Debug/core.a(main.cpp.o)
                              c:/users/dhrumil/appdata/local/arduino15/packages/arduino/tools/arm-none-eabi-gcc/4.8.3-2014q1/bin/../lib/gcc/arm-none-eabi/4.8.3/../../../../arm-none-eabi/lib/armv7-m/crt0.o (main)
C:\Users\Dhrumil\AppData\Local\Temp\VMBuilds\MTE380\arduino_due_x_dbg\Debug/core.a(new.cpp.o)
                              C:\Users\Dhrumil\AppData\Local\Temp\VMBuilds\MTE380\arduino_due_x_dbg\Debug\VL53L1X.cpp.o (operator new(unsigned int))
C:\Users\Dhrumil\AppData\Local\Temp\VMBuilds\MTE380\arduino_due_x_dbg\Debug/core.a(Print.cpp.o)
                              C:\Users\Dhrumil\AppData\Local\Temp\VMBuilds\MTE380\arduino_due_x_dbg\Debug\Wire\Wire.cpp.o (Print::write(unsigned char const*, unsigned int))
C:\Users\Dhrumil\AppData\Local\Temp\VMBuilds\MTE380\arduino_due_x_dbg\Debug/core.a(Reset.cpp.o)
                              C:\Users\Dhrumil\AppData\Local\Temp\VMBuilds\MTE380\arduino_due_x_dbg\Debug/core.a(cortex_handlers.c.o) (tickReset)
C:\Users\Dhrumil\AppData\Local\Temp\VMBuilds\MTE380\arduino_due_x_dbg\Debug/core.a(RingBuffer.cpp.o)
                              C:\Users\Dhrumil\AppData\Local\Temp\VMBCore\arduino16x\f1ce478460d779a7f1a10d3b7402bdba\variant\variant.cpp.o (RingBuffer::RingBuffer())
[...]
Memory Configuration

Name             Origin             Length             Attributes
rom              0x00080000         0x00080000         xr
sram0            0x20000000         0x00010000         xrw
sram1            0x20080000         0x00008000         xrw
ram              0x20070000         0x00018000         xrw
*default*        0x00000000         0xffffffff

Linker script and memory map

LOAD c:/users/dhrumil/appdata/local/arduino15/packages/arduino/tools/arm-none-eabi-gcc/4.8.3-2014q1/bin/../lib/gcc/arm-none-eabi/4.8.3/armv7-m/crti.o
LOAD c:/users/dhrumil/appdata/local/arduino15/packages/arduino/tools/arm-none-eabi-gcc/4.8.3-2014q1/bin/../lib/gcc/arm-none-eabi/4.8.3/armv7-m/crtbegin.o
LOAD c:/users/dhrumil/appdata/local/arduino15/packages/arduino/tools/arm-none-eabi-gcc/4.8.3-2014q1/bin/../lib/gcc/arm-none-eabi/4.8.3/../../../../arm-none-eabi/lib/armv7-m/crt0.o
START GROUP
LOAD C:\Users\Dhrumil\AppData\Local\Temp\VMBuilds\MTE380\arduino_due_x_dbg\Debug\MTE380.cpp.o
LOAD C:\Users\Dhrumil\AppData\Local\Temp\VMBuilds\MTE380\arduino_due_x_dbg\Debug\vl53l1_api.c.o
LOAD C:\Users\Dhrumil\AppData\Local\Temp\VMBuilds\MTE380\arduino_due_x_dbg\Debug\vl53l1_api_calibration.c.o
LOAD C:\Users\Dhrumil\AppData\Local\Temp\VMBuilds\MTE380\arduino_due_x_dbg\Debug\vl53l1_api_core.c.o
LOAD C:\Users\Dhrumil\AppData\Local\Temp\VMBuilds\MTE380\arduino_due_x_dbg\Debug\vl53l1_api_debug.c.o
LOAD C:\Users\Dhrumil\AppData\Local\Temp\VMBuilds\MTE380\arduino_due_x_dbg\Debug\vl53l1_api_preset_modes.c.o
LOAD C:\Users\Dhrumil\AppData\Local\Temp\VMBuilds\MTE380\arduino_due_x_dbg\Debug\vl53l1_api_strings.c.o
LOAD C:\Users\Dhrumil\AppData\Local\Temp\VMBuilds\MTE380\arduino_due_x_dbg\Debug\vl53l1_core.c.o
LOAD C:\Users\Dhrumil\AppData\Local\Temp\VMBuilds\MTE380\arduino_due_x_dbg\Debug\vl53l1_core_support.c.o
LOAD C:\Users\Dhrumil\AppData\Local\Temp\VMBuilds\MTE380\arduino_due_x_dbg\Debug\vl53l1_error_strings.c.o
LOAD C:\Users\Dhrumil\AppData\Local\Temp\VMBuilds\MTE380\arduino_due_x_dbg\Debug\vl53l1_register_funcs.c.o
LOAD C:\Users\Dhrumil\AppData\Local\Temp\VMBuilds\MTE380\arduino_due_x_dbg\Debug\vl53l1_silicon_core.c.o
LOAD C:\Users\Dhrumil\AppData\Local\Temp\VMBuilds\MTE380\arduino_due_x_dbg\Debug\vl53l1_wait.c.o
LOAD C:\Users\Dhrumil\AppData\Local\Temp\VMBuilds\MTE380\arduino_due_x_dbg\Debug\SparkFun_RFD77402_Arduino_Library.cpp.o
LOAD C:\Users\Dhrumil\AppData\Local\Temp\VMBuilds\MTE380\arduino_due_x_dbg\Debug\vl53l1_platform.cpp.o
LOAD C:\Users\Dhrumil\AppData\Local\Temp\VMBuilds\MTE380\arduino_due_x_dbg\Debug\VL53L1X.cpp.o
LOAD C:\Users\Dhrumil\AppData\Local\Temp\VMBuilds\MTE380\arduino_due_x_dbg\Debug\Wire\Wire.cpp.o
LOAD C:\Users\Dhrumil\AppData\Local\Temp\VMBuilds\MTE380\arduino_due_x_dbg\Debug\VM_DBG\VM_DBG.cpp.o
LOAD C:\Users\Dhrumil\AppData\Local\Temp\VMBuilds\MTE380\arduino_due_x_dbg\Debug\VM_DBG\VM_mem_check_sam.cpp.o
LOAD C:\Users\Dhrumil\AppData\Local\Temp\VMBCore\arduino16x\f1ce478460d779a7f1a10d3b7402bdba\variant\variant.cpp.o
LOAD C:\Users\Dhrumil\AppData\Local\arduino15\packages\arduino\hardware\sam\1.6.11\variants\arduino_due_x/libsam_sam3x8e_gcc_rel.a
LOAD C:\Users\Dhrumil\AppData\Local\Temp\VMBuilds\MTE380\arduino_due_x_dbg\Debug/core.a
END GROUP
LOAD c:/users/dhrumil/appdata/local/arduino15/packages/arduino/tools/arm-none-eabi-gcc/4.8.3-2014q1/bin/../lib/gcc/arm-none-eabi/4.8.3/../../../../arm-none-eabi/lib/armv7-m\libm.a
START GROUP
LOAD c:/users/dhrumil/appdata/local/arduino15/packages/arduino/tools/arm-none-eabi-gcc/4.8.3-2014q1/bin/../lib/gcc/arm-none-eabi/4.8.3/armv7-m\libgcc.a
LOAD c:/users/dhrumil/appdata/local/arduino15/packages/arduino/tools/arm-none-eabi-gcc/4.8.3-2014q1/bin/../lib/gcc/arm-none-eabi/4.8.3/../../../../arm-none-eabi/lib/armv7-m\libg.a
LOAD c:/users/dhrumil/appdata/local/arduino15/packages/arduino/tools/arm-none-eabi-gcc/4.8.3-2014q1/bin/../lib/gcc/arm-none-eabi/4.8.3/../../../../arm-none-eabi/lib/armv7-m\libc.a
END GROUP
LOAD c:/users/dhrumil/appdata/local/arduino15/packages/arduino/tools/arm-none-eabi-gcc/4.8.3-2014q1/bin/../lib/gcc/arm-none-eabi/4.8.3/armv7-m/crtend.o
LOAD c:/users/dhrumil/appdata/local/arduino15/packages/arduino/tools/arm-none-eabi-gcc/4.8.3-2014q1/bin/../lib/gcc/arm-none-eabi/4.8.3/armv7-m/crtn.o

.text           0x00080000     0x889c
                0x00080000                . = ALIGN (0x4)
                0x00080000                _sfixed = .
 *(.vectors .vectors.*)
 .vectors       0x00080000       0xf4 C:\Users\Dhrumil\AppData\Local\arduino15\packages\arduino\hardware\sam\1.6.11\variants\arduino_due_x/libsam_sam3x8e_gcc_rel.a(startup_sam3xa.o)
                0x00080000                exception_table
 *(.text .text.* .gnu.linkonce.t.*)
 .text          0x000800f4       0x54 c:/users/dhrumil/appdata/local/arduino15/packages/arduino/tools/arm-none-eabi-gcc/4.8.3-2014q1/bin/../lib/gcc/arm-none-eabi/4.8.3/armv7-m/crtbegin.o
 .text.loop     0x00080148       0x48 C:\Users\Dhrumil\AppData\Local\Temp\VMBuilds\MTE380\arduino_due_x_dbg\Debug\MTE380.cpp.o
                0x00080148                loop
 .text.setup    0x00080190      0x180 C:\Users\Dhrumil\AppData\Local\Temp\VMBuilds\MTE380\arduino_due_x_dbg\Debug\MTE380.cpp.o
                0x00080190                setup
 .text.SetPresetMode
                0x00080310       0xc8 C:\Users\Dhrumil\AppData\Local\Temp\VMBuilds\MTE380\arduino_due_x_dbg\Debug\vl53l1_api.c.o
 .text.SetLimitValue
                0x000803d8       0x24 C:\Users\Dhrumil\AppData\Local\Temp\VMBuilds\MTE380\arduino_due_x_dbg\Debug\vl53l1_api.c.o
 .text.VL53L1_WaitDeviceBooted
                0x000803fc        0x8 C:\Users\Dhrumil\AppData\Local\Temp\VMBuilds\MTE380\arduino_due_x_dbg\Debug\vl53l1_api.c.o
                0x000803fc                VL53L1_WaitDeviceBooted
 .text.VL53L1_SetDistanceMode
                0x00080404       0x74 C:\Users\Dhrumil\AppData\Local\Temp\VMBuilds\MTE380\arduino_due_x_dbg\Debug\vl53l1_api.c.o
                0x00080404                VL53L1_SetDistanceMode
 .text.VL53L1_SetMeasurementTimingBudgetMicroSeconds
                0x00080478      0x110 C:\Users\Dhrumil\AppData\Local\Temp\VMBuilds\MTE380\arduino_due_x_dbg\Debug\vl53l1_api.c.o
                0x00080478                VL53L1_SetMeasurementTimingBudgetMicroSeconds
 .text.VL53L1_SetPresetMode
                0x00080588       0x4a C:\Users\Dhrumil\AppData\Local\Temp\VMBuilds\MTE380\arduino_due_x_dbg\Debug\vl53l1_api.c.o
                0x00080588                VL53L1_SetPresetMode
 .text.VL53L1_StaticInit
                0x000805d2       0x1c C:\Users\Dhrumil\AppData\Local\Temp\VMBuilds\MTE380\arduino_due_x_dbg\Debug\vl53l1_api.c.o
                0x000805d2                VL53L1_StaticInit
 .text.VL53L1_SetInterMeasurementPeriodMilliSeconds
                0x000805ee        0x4 C:\Users\Dhrumil\AppData\Local\Temp\VMBuilds\MTE380\arduino_due_x_dbg\Debug\vl53l1_api.c.o
                0x000805ee                VL53L1_SetInterMeasurementPeriodMilliSeconds
 .text.VL53L1_SetLimitCheckEnable
                0x000805f2       0x36 C:\Users\Dhrumil\AppData\Local\Temp\VMBuilds\MTE380\arduino_due_x_dbg\Debug\vl53l1_api.c.o
                0x000805f2                VL53L1_SetLimitCheckEnable
 .text.VL53L1_SetLimitCheckValue
                0x00080628       0x36 C:\Users\Dhrumil\AppData\Local\Temp\VMBuilds\MTE380\arduino_due_x_dbg\Debug\vl53l1_api.c.o
                0x00080628                VL53L1_SetLimitCheckValue
 .text.VL53L1_DataInit
                0x0008065e       0x8a C:\Users\Dhrumil\AppData\Local\Temp\VMBuilds\MTE380\arduino_due_x_dbg\Debug\vl53l1_api.c.o
                0x0008065e                VL53L1_DataInit
 .text.VL53L1_StartMeasurement
                0x000806e8       0x3c C:\Users\Dhrumil\AppData\Local\Temp\VMBuilds\MTE380\arduino_due_x_dbg\Debug\vl53l1_api.c.o
                0x000806e8                VL53L1_StartMeasurement
 .text.VL53L1_software_reset
                0x00080724       0x36 C:\Users\Dhrumil\AppData\Local\Temp\VMBuilds\MTE380\arduino_due_x_dbg\Debug\vl53l1_api_core.c.o
                0x00080724                VL53L1_software_reset
 .text.VL53L1_set_inter_measurement_period_ms
                0x0008075a       0x18 C:\Users\Dhrumil\AppData\Local\Temp\VMBuilds\MTE380\arduino_due_x_dbg\Debug\vl53l1_api_core.c.o
                0x0008075a                VL53L1_set_inter_measurement_period_ms
 .text.VL53L1_set_timeouts_us
                0x00080772       0x30 C:\Users\Dhrumil\AppData\Local\Temp\VMBuilds\MTE380\arduino_due_x_dbg\Debug\vl53l1_api_core.c.o
                0x00080772                VL53L1_set_timeouts_us
 .text.VL53L1_get_timeouts_us
                0x000807a2       0x70 C:\Users\Dhrumil\AppData\Local\Temp\VMBuilds\MTE380\arduino_due_x_dbg\Debug\vl53l1_api_core.c.o
                0x000807a2                VL53L1_get_timeouts_us
 .text.VL53L1_get_sequence_config_bit
                0x00080812       0x28 C:\Users\Dhrumil\AppData\Local\Temp\VMBuilds\MTE380\arduino_due_x_dbg\Debug\vl53l1_api_core.c.o
                0x00080812                VL53L1_get_sequence_config_bit
 .text.VL53L1_set_user_zone
                0x0008083a       0x22 C:\Users\Dhrumil\AppData\Local\Temp\VMBuilds\MTE380\arduino_due_x_dbg\Debug\vl53l1_api_core.c.o
                0x0008083a                VL53L1_set_user_zone
 .text.VL53L1_get_user_zone
                0x0008085c       0x22 C:\Users\Dhrumil\AppData\Local\Temp\VMBuilds\MTE380\arduino_due_x_dbg\Debug\vl53l1_api_core.c.o
                0x0008085c                VL53L1_get_user_zone
 .text.VL53L1_get_mode_mitigation_roi
                0x0008087e       0x3e C:\Users\Dhrumil\AppData\Local\Temp\VMBuilds\MTE380\arduino_due_x_dbg\Debug\vl53l1_api_core.c.o
                0x0008087e                VL53L1_get_mode_mitigation_roi
 .text.VL53L1_read_p2p_data
                0x000808bc       0x7a C:\Users\Dhrumil\AppData\Local\Temp\VMBuilds\MTE380\arduino_due_x_dbg\Debug\vl53l1_api_core.c.o
                0x000808bc                VL53L1_read_p2p_data
 .text.VL53L1_get_preset_mode_timing_cfg
                0x00080936       0x76 C:\Users\Dhrumil\AppData\Local\Temp\VMBuilds\MTE380\arduino_due_x_dbg\Debug\vl53l1_api_core.c.o
                0x00080936                VL53L1_get_preset_mode_timing_cfg
 .text.VL53L1_set_preset_mode
                0x000809ac      0x19a C:\Users\Dhrumil\AppData\Local\Temp\VMBuilds\MTE380\arduino_due_x_dbg\Debug\vl53l1_api_core.c.o
                0x000809ac                VL53L1_set_preset_mode
 .text.VL53L1_data_init
                0x00080b46       0xb2 C:\Users\Dhrumil\AppData\Local\Temp\VMBuilds\MTE380\arduino_due_x_dbg\Debug\vl53l1_api_core.c.o
                0x00080b46                VL53L1_data_init
 .text.VL53L1_set_lite_sigma_threshold
                0x00080bf8        0x8 C:\Users\Dhrumil\AppData\Local\Temp\VMBuilds\MTE380\arduino_due_x_dbg\Debug\vl53l1_api_core.c.o
                0x00080bf8                VL53L1_set_lite_sigma_threshold
 .text.VL53L1_set_lite_min_count_rate
                0x00080c00        0x8 C:\Users\Dhrumil\AppData\Local\Temp\VMBuilds\MTE380\arduino_due_x_dbg\Debug\vl53l1_api_core.c.o
                0x00080c00                VL53L1_set_lite_min_count_rate
 .text.VL53L1_init_and_start_range
                0x00080c08      0x1b4 C:\Users\Dhrumil\AppData\Local\Temp\VMBuilds\MTE380\arduino_due_x_dbg\Debug\vl53l1_api_core.c.o
                0x00080c08                VL53L1_init_and_start_range
 .text.VL53L1_get_tuning_parm
                0x00080dbc      0x1ae C:\Users\Dhrumil\AppData\Local\Temp\VMBuilds\MTE380\arduino_due_x_dbg\Debug\vl53l1_api_core.c.o
                0x00080dbc                VL53L1_get_tuning_parm
 .text.VL53L1_init_refspadchar_config_struct
                0x00080f6a       0x24 C:\Users\Dhrumil\AppData\Local\Temp\VMBuilds\MTE380\arduino_due_x_dbg\Debug\vl53l1_api_preset_modes.c.o
                0x00080f6a                VL53L1_init_refspadchar_config_struct
 .text.VL53L1_init_ssc_config_struct
                0x00080f8e       0x1e C:\Users\Dhrumil\AppData\Local\Temp\VMBuilds\MTE380\arduino_due_x_dbg\Debug\vl53l1_api_preset_modes.c.o
                0x00080f8e                VL53L1_init_ssc_config_struct
 .text.VL53L1_init_xtalk_config_struct
                0x00080fac       0x4a C:\Users\Dhrumil\AppData\Local\Temp\VMBuilds\MTE380\arduino_due_x_dbg\Debug\vl53l1_api_preset_modes.c.o
                0x00080fac                VL53L1_init_xtalk_config_struct
 .text.VL53L1_init_offset_cal_config_struct
                0x00080ff6       0x24 C:\Users\Dhrumil\AppData\Local\Temp\VMBuilds\MTE380\arduino_due_x_dbg\Debug\vl53l1_api_preset_modes.c.o
                0x00080ff6                VL53L1_init_offset_cal_config_struct
 .text.VL53L1_init_tuning_parm_storage_struct
                0x0008101a       0x96 C:\Users\Dhrumil\AppData\Local\Temp\VMBuilds\MTE380\arduino_due_x_dbg\Debug\vl53l1_api_preset_modes.c.o
                0x0008101a                VL53L1_init_tuning_parm_storage_struct
 .text.VL53L1_preset_mode_standard_ranging
                0x000810b0      0x148 C:\Users\Dhrumil\AppData\Local\Temp\VMBuilds\MTE380\arduino_due_x_dbg\Debug\vl53l1_api_preset_modes.c.o
                0x000810b0                VL53L1_preset_mode_standard_ranging
 .text.VL53L1_preset_mode_standard_ranging_short_range
                0x000811f8       0x3c C:\Users\Dhrumil\AppData\Local\Temp\VMBuilds\MTE380\arduino_due_x_dbg\Debug\vl53l1_api_preset_modes.c.o
                0x000811f8                VL53L1_preset_mode_standard_ranging_short_range
 .text.VL53L1_preset_mode_standard_ranging_long_range
                0x00081234       0x3c C:\Users\Dhrumil\AppData\Local\Temp\VMBuilds\MTE380\arduino_due_x_dbg\Debug\vl53l1_api_preset_modes.c.o
                0x00081234                VL53L1_preset_mode_standard_ranging_long_range
 .text.VL53L1_preset_mode_standard_ranging_mm1_cal
                0x00081270       0x20 C:\Users\Dhrumil\AppData\Local\Temp\VMBuilds\MTE380\arduino_due_x_dbg\Debug\vl53l1_api_preset_modes.c.o
                0x00081270                VL53L1_preset_mode_standard_ranging_mm1_cal
 .text.VL53L1_preset_mode_standard_ranging_mm2_cal
                0x00081290       0x20 C:\Users\Dhrumil\AppData\Local\Temp\VMBuilds\MTE380\arduino_due_x_dbg\Debug\vl53l1_api_preset_modes.c.o
                0x00081290                VL53L1_preset_mode_standard_ranging_mm2_cal
 .text.VL53L1_preset_mode_timed_ranging
                0x000812b0       0x36 C:\Users\Dhrumil\AppData\Local\Temp\VMBuilds\MTE380\arduino_due_x_dbg\Debug\vl53l1_api_preset_modes.c.o
                0x000812b0                VL53L1_preset_mode_timed_ranging
 .text.VL53L1_preset_mode_timed_ranging_short_range
                0x000812e6       0x38 C:\Users\Dhrumil\AppData\Local\Temp\VMBuilds\MTE380\arduino_due_x_dbg\Debug\vl53l1_api_preset_modes.c.o
                0x000812e6                VL53L1_preset_mode_timed_ranging_short_range
 .text.VL53L1_preset_mode_timed_ranging_long_range
                0x0008131e       0x36 C:\Users\Dhrumil\AppData\Local\Temp\VMBuilds\MTE380\arduino_due_x_dbg\Debug\vl53l1_api_preset_modes.c.o
                0x0008131e                VL53L1_preset_mode_timed_ranging_long_range
 .text.VL53L1_preset_mode_low_power_auto_ranging
                0x00081354       0x2c C:\Users\Dhrumil\AppData\Local\Temp\VMBuilds\MTE380\arduino_due_x_dbg\Debug\vl53l1_api_preset_modes.c.o
                0x00081354                VL53L1_preset_mode_low_power_auto_ranging
 .text.VL53L1_preset_mode_low_power_auto_short_ranging
                0x00081380       0x2c C:\Users\Dhrumil\AppData\Local\Temp\VMBuilds\MTE380\arduino_due_x_dbg\Debug\vl53l1_api_preset_modes.c.o
                0x00081380                VL53L1_preset_mode_low_power_auto_short_ranging
 .text.VL53L1_preset_mode_low_power_auto_long_ranging
                0x000813ac       0x2c C:\Users\Dhrumil\AppData\Local\Temp\VMBuilds\MTE380\arduino_due_x_dbg\Debug\vl53l1_api_preset_modes.c.o
                0x000813ac                VL53L1_preset_mode_low_power_auto_long_ranging
 .text.VL53L1_preset_mode_singleshot_ranging
                0x000813d8       0x30 C:\Users\Dhrumil\AppData\Local\Temp\VMBuilds\MTE380\arduino_due_x_dbg\Debug\vl53l1_api_preset_modes.c.o
                0x000813d8                VL53L1_preset_mode_singleshot_ranging
 .text.VL53L1_preset_mode_olt
                0x00081408       0x18 C:\Users\Dhrumil\AppData\Local\Temp\VMBuilds\MTE380\arduino_due_x_dbg\Debug\vl53l1_api_preset_modes.c.o
                0x00081408                VL53L1_preset_mode_olt
 .text.VL53L1_init_version
                0x00081420       0x1a C:\Users\Dhrumil\AppData\Local\Temp\VMBuilds\MTE380\arduino_due_x_dbg\Debug\vl53l1_core.c.o
                0x00081420                VL53L1_init_version
 .text.VL53L1_init_ll_driver_state
                0x0008143a       0x26 C:\Users\Dhrumil\AppData\Local\Temp\VMBuilds\MTE380\arduino_due_x_dbg\Debug\vl53l1_core.c.o
                0x0008143a                VL53L1_init_ll_driver_state
 .text.VL53L1_update_ll_driver_rd_state
                0x00081460       0x90 C:\Users\Dhrumil\AppData\Local\Temp\VMBuilds\MTE380\arduino_due_x_dbg\Debug\vl53l1_core.c.o
                0x00081460                VL53L1_update_ll_driver_rd_state
 .text.VL53L1_update_ll_driver_cfg_state
                0x000814f0       0x78 C:\Users\Dhrumil\AppData\Local\Temp\VMBuilds\MTE380\arduino_due_x_dbg\Debug\vl53l1_core.c.o
                0x000814f0                VL53L1_update_ll_driver_cfg_state
 .text.VL53L1_copy_rtn_good_spads_to_buffer
                0x00081568       0xa2 C:\Users\Dhrumil\AppData\Local\Temp\VMBuilds\MTE380\arduino_due_x_dbg\Debug\vl53l1_core.c.o
                0x00081568                VL53L1_copy_rtn_good_spads_to_buffer
 .text.VL53L1_i2c_encode_uint16_t
                0x0008160a       0x18 C:\Users\Dhrumil\AppData\Local\Temp\VMBuilds\MTE380\arduino_due_x_dbg\Debug\vl53l1_core.c.o
                0x0008160a                VL53L1_i2c_encode_uint16_t
 .text.VL53L1_i2c_decode_uint16_t
                0x00081622       0x1c C:\Users\Dhrumil\AppData\Local\Temp\VMBuilds\MTE380\arduino_due_x_dbg\Debug\vl53l1_core.c.o
                0x00081622                VL53L1_i2c_decode_uint16_t
 .text.VL53L1_i2c_encode_int16_t
                0x0008163e       0x18 C:\Users\Dhrumil\AppData\Local\Temp\VMBuilds\MTE380\arduino_due_x_dbg\Debug\vl53l1_core.c.o
                0x0008163e                VL53L1_i2c_encode_int16_t
 .text.VL53L1_i2c_decode_int16_t
                0x00081656       0x24 C:\Users\Dhrumil\AppData\Local\Temp\VMBuilds\MTE380\arduino_due_x_dbg\Debug\vl53l1_core.c.o
                0x00081656                VL53L1_i2c_decode_int16_t
 .text.VL53L1_i2c_encode_uint32_t
                0x0008167a       0x18 C:\Users\Dhrumil\AppData\Local\Temp\VMBuilds\MTE380\arduino_due_x_dbg\Debug\vl53l1_core.c.o
                0x0008167a                VL53L1_i2c_encode_uint32_t
 .text.VL53L1_calc_macro_period_us
                0x00081692       0x1e C:\Users\Dhrumil\AppData\Local\Temp\VMBuilds\MTE380\arduino_due_x_dbg\Debug\vl53l1_core.c.o
                0x00081692                VL53L1_calc_macro_period_us
 .text.VL53L1_calc_range_ignore_threshold
                0x000816b0       0x4a C:\Users\Dhrumil\AppData\Local\Temp\VMBuilds\MTE380\arduino_due_x_dbg\Debug\vl53l1_core.c.o
                0x000816b0                VL53L1_calc_range_ignore_threshold
 .text.VL53L1_calc_timeout_us
                0x000816fa       0x12 C:\Users\Dhrumil\AppData\Local\Temp\VMBuilds\MTE380\arduino_due_x_dbg\Debug\vl53l1_core.c.o
                0x000816fa                VL53L1_calc_timeout_us
 .text.VL53L1_encode_timeout
                0x0008170c       0x1e C:\Users\Dhrumil\AppData\Local\Temp\VMBuilds\MTE380\arduino_due_x_dbg\Debug\vl53l1_core.c.o
                0x0008170c                VL53L1_encode_timeout
 .text.VL53L1_calc_encoded_timeout
                0x0008172a        0xe C:\Users\Dhrumil\AppData\Local\Temp\VMBuilds\MTE380\arduino_due_x_dbg\Debug\vl53l1_core.c.o
                0x0008172a                VL53L1_calc_encoded_timeout
 .text.VL53L1_decode_timeout
                0x00081738        0xc C:\Users\Dhrumil\AppData\Local\Temp\VMBuilds\MTE380\arduino_due_x_dbg\Debug\vl53l1_core.c.o
                0x00081738                VL53L1_decode_timeout
 .text.VL53L1_calc_decoded_timeout_us
                0x00081744       0x1a C:\Users\Dhrumil\AppData\Local\Temp\VMBuilds\MTE380\arduino_due_x_dbg\Debug\vl53l1_core.c.o
                0x00081744                VL53L1_calc_decoded_timeout_us
 .text.VL53L1_calc_timeout_register_values
                0x0008175e       0x86 C:\Users\Dhrumil\AppData\Local\Temp\VMBuilds\MTE380\arduino_due_x_dbg\Debug\vl53l1_core.c.o
                0x0008175e                VL53L1_calc_timeout_register_values
 .text.VL53L1_encode_row_col
                0x000817e4       0x1a C:\Users\Dhrumil\AppData\Local\Temp\VMBuilds\MTE380\arduino_due_x_dbg\Debug\vl53l1_core.c.o
                0x000817e4                VL53L1_encode_row_col
 .text.VL53L1_decode_zone_size
                0x000817fe        0xc C:\Users\Dhrumil\AppData\Local\Temp\VMBuilds\MTE380\arduino_due_x_dbg\Debug\vl53l1_core.c.o
                0x000817fe                VL53L1_decode_zone_size
 .text.VL53L1_encode_zone_size
                0x0008180a        0x8 C:\Users\Dhrumil\AppData\Local\Temp\VMBuilds\MTE380\arduino_due_x_dbg\Debug\vl53l1_core.c.o
                0x0008180a                VL53L1_encode_zone_size
 .text.VL53L1_low_power_auto_data_init
                0x00081812       0x2c C:\Users\Dhrumil\AppData\Local\Temp\VMBuilds\MTE380\arduino_due_x_dbg\Debug\vl53l1_core.c.o
                0x00081812                VL53L1_low_power_auto_data_init
 .text.VL53L1_config_low_power_auto_mode
                0x0008183e       0x1a C:\Users\Dhrumil\AppData\Local\Temp\VMBuilds\MTE380\arduino_due_x_dbg\Debug\vl53l1_core.c.o
                0x0008183e                VL53L1_config_low_power_auto_mode
 .text.VL53L1_calc_pll_period_us
                0x00081858        0xa C:\Users\Dhrumil\AppData\Local\Temp\VMBuilds\MTE380\arduino_due_x_dbg\Debug\vl53l1_core_support.c.o
                0x00081858                VL53L1_calc_pll_period_us
 .text.VL53L1_decode_vcsel_period
                0x00081862        0xa C:\Users\Dhrumil\AppData\Local\Temp\VMBuilds\MTE380\arduino_due_x_dbg\Debug\vl53l1_core_support.c.o
                0x00081862                VL53L1_decode_vcsel_period
 .text.VL53L1_decode_row_col
                0x0008186c       0x22 C:\Users\Dhrumil\AppData\Local\Temp\VMBuilds\MTE380\arduino_due_x_dbg\Debug\vl53l1_core_support.c.o
                0x0008186c                VL53L1_decode_row_col
 .text.VL53L1_i2c_encode_static_nvm_managed
                0x0008188e       0x62 C:\Users\Dhrumil\AppData\Local\Temp\VMBuilds\MTE380\arduino_due_x_dbg\Debug\vl53l1_register_funcs.c.o
                0x0008188e                VL53L1_i2c_encode_static_nvm_managed
 .text.VL53L1_i2c_decode_static_nvm_managed
                0x000818f0       0x60 C:\Users\Dhrumil\AppData\Local\Temp\VMBuilds\MTE380\arduino_due_x_dbg\Debug\vl53l1_register_funcs.c.o
                0x000818f0                VL53L1_i2c_decode_static_nvm_managed
 .text.VL53L1_get_static_nvm_managed
                0x00081950       0x20 C:\Users\Dhrumil\AppData\Local\Temp\VMBuilds\MTE380\arduino_due_x_dbg\Debug\vl53l1_register_funcs.c.o
                0x00081950                VL53L1_get_static_nvm_managed
 .text.VL53L1_i2c_encode_customer_nvm_managed
                0x00081970       0xb2 C:\Users\Dhrumil\AppData\Local\Temp\VMBuilds\MTE380\arduino_due_x_dbg\Debug\vl53l1_register_funcs.c.o
                0x00081970                VL53L1_i2c_encode_customer_nvm_managed
 .text.VL53L1_i2c_decode_customer_nvm_managed
                0x00081a22       0xa8 C:\Users\Dhrumil\AppData\Local\Temp\VMBuilds\MTE380\arduino_due_x_dbg\Debug\vl53l1_register_funcs.c.o
                0x00081a22                VL53L1_i2c_decode_customer_nvm_managed
 .text.VL53L1_get_customer_nvm_managed
                0x00081aca       0x22 C:\Users\Dhrumil\AppData\Local\Temp\VMBuilds\MTE380\arduino_due_x_dbg\Debug\vl53l1_register_funcs.c.o
                0x00081aca                VL53L1_get_customer_nvm_managed
 .text.VL53L1_i2c_encode_static_config
                0x00081aec       0xdc C:\Users\Dhrumil\AppData\Local\Temp\VMBuilds\MTE380\arduino_due_x_dbg\Debug\vl53l1_register_funcs.c.o
                0x00081aec                VL53L1_i2c_encode_static_config
 .text.VL53L1_i2c_encode_general_config
                0x00081bc8       0x90 C:\Users\Dhrumil\AppData\Local\Temp\VMBuilds\MTE380\arduino_due_x_dbg\Debug\vl53l1_register_funcs.c.o
                0x00081bc8                VL53L1_i2c_encode_general_config
 .text.VL53L1_i2c_encode_timing_config
                0x00081c58       0x98 C:\Users\Dhrumil\AppData\Local\Temp\VMBuilds\MTE380\arduino_due_x_dbg\Debug\vl53l1_register_funcs.c.o
                0x00081c58                VL53L1_i2c_encode_timing_config
 .text.VL53L1_i2c_encode_dynamic_config
                0x00081cf0       0x84 C:\Users\Dhrumil\AppData\Local\Temp\VMBuilds\MTE380\arduino_due_x_dbg\Debug\vl53l1_register_funcs.c.o
                0x00081cf0                VL53L1_i2c_encode_dynamic_config
 .text.VL53L1_i2c_encode_system_control
                0x00081d74       0x32 C:\Users\Dhrumil\AppData\Local\Temp\VMBuilds\MTE380\arduino_due_x_dbg\Debug\vl53l1_register_funcs.c.o
                0x00081d74                VL53L1_i2c_encode_system_control
 .text.VL53L1_i2c_decode_nvm_copy_data
                0x00081da6      0x14c C:\Users\Dhrumil\AppData\Local\Temp\VMBuilds\MTE380\arduino_due_x_dbg\Debug\vl53l1_register_funcs.c.o
                0x00081da6                VL53L1_i2c_decode_nvm_copy_data
 .text.VL53L1_get_nvm_copy_data
                0x00081ef2       0x24 C:\Users\Dhrumil\AppData\Local\Temp\VMBuilds\MTE380\arduino_due_x_dbg\Debug\vl53l1_register_funcs.c.o
                0x00081ef2                VL53L1_get_nvm_copy_data
 .text.VL53L1_is_boot_complete
                0x00081f16       0x3a C:\Users\Dhrumil\AppData\Local\Temp\VMBuilds\MTE380\arduino_due_x_dbg\Debug\vl53l1_wait.c.o
                0x00081f16                VL53L1_is_boot_complete
 .text.VL53L1_poll_for_boot_completion
                0x00081f50       0x34 C:\Users\Dhrumil\AppData\Local\Temp\VMBuilds\MTE380\arduino_due_x_dbg\Debug\vl53l1_wait.c.o
                0x00081f50                VL53L1_poll_for_boot_completion
 .text.VL53L1_wait_for_boot_completion
                0x00081f84       0x40 C:\Users\Dhrumil\AppData\Local\Temp\VMBuilds\MTE380\arduino_due_x_dbg\Debug\vl53l1_wait.c.o
                0x00081f84                VL53L1_wait_for_boot_completion
 .text._ZN7TwoWire5writeEi
                0x00081fc4        0xc C:\Users\Dhrumil\AppData\Local\Temp\VMBuilds\MTE380\arduino_due_x_dbg\Debug\SparkFun_RFD77402_Arduino_Library.cpp.o
                0x00081fc4                TwoWire::write(int)
 .text._ZN8RFD7740211getDistanceEv
                0x00081fd0        0x4 C:\Users\Dhrumil\AppData\Local\Temp\VMBuilds\MTE380\arduino_due_x_dbg\Debug\SparkFun_RFD77402_Arduino_Library.cpp.o
                0x00081fd0                RFD77402::getDistance()
 .text._ZN8RFD7740214readRegister16Eh
                0x00081fd4       0x56 C:\Users\Dhrumil\AppData\Local\Temp\VMBuilds\MTE380\arduino_due_x_dbg\Debug\SparkFun_RFD77402_Arduino_Library.cpp.o
                0x00081fd4                RFD77402::readRegister16(unsigned char)
 .text._ZN8RFD774029getChipIDEv
                0x0008202a        0x6 C:\Users\Dhrumil\AppData\Local\Temp\VMBuilds\MTE380\arduino_due_x_dbg\Debug\SparkFun_RFD77402_Arduino_Library.cpp.o
                0x0008202a                RFD77402::getChipID()
 .text._ZN8RFD7740212readRegisterEh
                0x00082030       0x42 C:\Users\Dhrumil\AppData\Local\Temp\VMBuilds\MTE380\arduino_due_x_dbg\Debug\SparkFun_RFD77402_Arduino_Library.cpp.o
                0x00082030                RFD77402::readRegister(unsigned char)
 .text._ZN8RFD7740215writeRegister16Eht
                0x00082072       0x34 C:\Users\Dhrumil\AppData\Local\Temp\VMBuilds\MTE380\arduino_due_x_dbg\Debug\SparkFun_RFD77402_Arduino_Library.cpp.o
                0x00082072                RFD77402::writeRegister16(unsigned char, unsigned short)
 .text._ZN8RFD774027setPeakEh
                0x000820a6       0x22 C:\Users\Dhrumil\AppData\Local\Temp\VMBuilds\MTE380\arduino_due_x_dbg\Debug\SparkFun_RFD77402_Arduino_Library.cpp.o
                0x000820a6                RFD77402::setPeak(unsigned char)
 .text._ZN8RFD7740212setThresholdEh
                0x000820c8       0x22 C:\Users\Dhrumil\AppData\Local\Temp\VMBuilds\MTE380\arduino_due_x_dbg\Debug\SparkFun_RFD77402_Arduino_Library.cpp.o
                0x000820c8                RFD77402::setThreshold(unsigned char)
 .text._ZN8RFD7740213writeRegisterEhh
                0x000820ea       0x2e C:\Users\Dhrumil\AppData\Local\Temp\VMBuilds\MTE380\arduino_due_x_dbg\Debug\SparkFun_RFD77402_Arduino_Library.cpp.o
                0x000820ea                RFD77402::writeRegister(unsigned char, unsigned char)
 .text._ZN8RFD7740215goToStandbyModeEv
                0x00082118       0x30 C:\Users\Dhrumil\AppData\Local\Temp\VMBuilds\MTE380\arduino_due_x_dbg\Debug\SparkFun_RFD77402_Arduino_Library.cpp.o
                0x00082118                RFD77402::goToStandbyMode()
 .text._ZN8RFD7740211goToOffModeEv
                0x00082148       0x34 C:\Users\Dhrumil\AppData\Local\Temp\VMBuilds\MTE380\arduino_due_x_dbg\Debug\SparkFun_RFD77402_Arduino_Library.cpp.o
                0x00082148                RFD77402::goToOffMode()
 .text._ZN8RFD7740210goToOnModeEv
                0x0008217c       0x34 C:\Users\Dhrumil\AppData\Local\Temp\VMBuilds\MTE380\arduino_due_x_dbg\Debug\SparkFun_RFD77402_Arduino_Library.cpp.o
                0x0008217c                RFD77402::goToOnMode()
 .text._ZN8RFD774025beginER7TwoWirem
                0x000821b0      0x116 C:\Users\Dhrumil\AppData\Local\Temp\VMBuilds\MTE380\arduino_due_x_dbg\Debug\SparkFun_RFD77402_Arduino_Library.cpp.o
                0x000821b0                RFD77402::begin(TwoWire&, unsigned long)
 .text._ZN8RFD7740219goToMeasurementModeEv
                0x000822c6       0x30 C:\Users\Dhrumil\AppData\Local\Temp\VMBuilds\MTE380\arduino_due_x_dbg\Debug\SparkFun_RFD77402_Arduino_Library.cpp.o
                0x000822c6                RFD77402::goToMeasurementMode()
 .text._ZN8RFD7740215takeMeasurementEv
                0x000822f6       0x46 C:\Users\Dhrumil\AppData\Local\Temp\VMBuilds\MTE380\arduino_due_x_dbg\Debug\SparkFun_RFD77402_Arduino_Library.cpp.o
                0x000822f6                RFD77402::takeMeasurement()
 .text.VL53L1_WaitMs
                0x0008233c        0xc C:\Users\Dhrumil\AppData\Local\Temp\VMBuilds\MTE380\arduino_due_x_dbg\Debug\vl53l1_platform.cpp.o
                0x0008233c                VL53L1_WaitMs
 .text.VL53L1_WaitUs
                0x00082348       0x10 C:\Users\Dhrumil\AppData\Local\Temp\VMBuilds\MTE380\arduino_due_x_dbg\Debug\vl53l1_platform.cpp.o
                0x00082348                VL53L1_WaitUs
 .text.VL53L1_WriteMulti
                0x00082358       0x78 C:\Users\Dhrumil\AppData\Local\Temp\VMBuilds\MTE380\arduino_due_x_dbg\Debug\vl53l1_platform.cpp.o
                0x00082358                VL53L1_WriteMulti
 .text.VL53L1_WrByte
                0x000823d0       0x40 C:\Users\Dhrumil\AppData\Local\Temp\VMBuilds\MTE380\arduino_due_x_dbg\Debug\vl53l1_platform.cpp.o
                0x000823d0                VL53L1_WrByte
 .text.VL53L1_ReadMulti
                0x00082410       0x70 C:\Users\Dhrumil\AppData\Local\Temp\VMBuilds\MTE380\arduino_due_x_dbg\Debug\vl53l1_platform.cpp.o
                0x00082410                VL53L1_ReadMulti
 .text.VL53L1_RdByte
                0x00082480       0x58 C:\Users\Dhrumil\AppData\Local\Temp\VMBuilds\MTE380\arduino_due_x_dbg\Debug\vl53l1_platform.cpp.o
                0x00082480                VL53L1_RdByte
 .text.VL53L1_WaitValueMaskEx
                0x000824d8       0x46 C:\Users\Dhrumil\AppData\Local\Temp\VMBuilds\MTE380\arduino_due_x_dbg\Debug\vl53l1_platform.cpp.o
                0x000824d8                VL53L1_WaitValueMaskEx
 *fill*         0x0008251e        0x2 
 .text.VL53L1_RdWord
                0x00082520       0x64 C:\Users\Dhrumil\AppData\Local\Temp\VMBuilds\MTE380\arduino_due_x_dbg\Debug\vl53l1_platform.cpp.o
                0x00082520                VL53L1_RdWord
 .text._ZN7TwoWire5writeEPKhj
                0x00082584       0x50 C:\Users\Dhrumil\AppData\Local\Temp\VMBuilds\MTE380\arduino_due_x_dbg\Debug\Wire\Wire.cpp.o
                0x00082584                TwoWire::write(unsigned char const*, unsigned int)
 .text._ZN7TwoWire9availableEv
                0x000825d4        0xc C:\Users\Dhrumil\AppData\Local\Temp\VMBuilds\MTE380\arduino_due_x_dbg\Debug\Wire\Wire.cpp.o
                0x000825d4                TwoWire::available()
 .text._ZN7TwoWire4readEv
                0x000825e0       0x1e C:\Users\Dhrumil\AppData\Local\Temp\VMBuilds\MTE380\arduino_due_x_dbg\Debug\Wire\Wire.cpp.o
                0x000825e0                TwoWire::read()
 .text._ZN7TwoWire4peekEv
                0x000825fe       0x16 C:\Users\Dhrumil\AppData\Local\Temp\VMBuilds\MTE380\arduino_due_x_dbg\Debug\Wire\Wire.cpp.o
                0x000825fe                TwoWire::peek()
 .text._ZN7TwoWire5flushEv
                0x00082614        0x2 C:\Users\Dhrumil\AppData\Local\Temp\VMBuilds\MTE380\arduino_due_x_dbg\Debug\Wire\Wire.cpp.o
                0x00082614                TwoWire::flush()
 .text._ZN7TwoWire5writeEh
                0x00082616       0x3a C:\Users\Dhrumil\AppData\Local\Temp\VMBuilds\MTE380\arduino_due_x_dbg\Debug\Wire\Wire.cpp.o
                0x00082616                TwoWire::write(unsigned char)
 .text._ZL16TWI_WaitByteSentP3Twim.constprop.3
                0x00082650       0x2c C:\Users\Dhrumil\AppData\Local\Temp\VMBuilds\MTE380\arduino_due_x_dbg\Debug\Wire\Wire.cpp.o
 .text._ZL24TWI_WaitTransferCompleteP3Twim.constprop.4
                0x0008267c       0x2c C:\Users\Dhrumil\AppData\Local\Temp\VMBuilds\MTE380\arduino_due_x_dbg\Debug\Wire\Wire.cpp.o
 .text._ZL9Wire_Initv
                0x000826a8       0x54 C:\Users\Dhrumil\AppData\Local\Temp\VMBuilds\MTE380\arduino_due_x_dbg\Debug\Wire\Wire.cpp.o
 .text._ZL12Wire1_Deinitv
                0x000826fc       0x18 C:\Users\Dhrumil\AppData\Local\Temp\VMBuilds\MTE380\arduino_due_x_dbg\Debug\Wire\Wire.cpp.o
 .text._ZL11Wire_Deinitv
                0x00082714       0x18 C:\Users\Dhrumil\AppData\Local\Temp\VMBuilds\MTE380\arduino_due_x_dbg\Debug\Wire\Wire.cpp.o
 .text._ZL10Wire1_Initv
                0x0008272c       0x54 C:\Users\Dhrumil\AppData\Local\Temp\VMBuilds\MTE380\arduino_due_x_dbg\Debug\Wire\Wire.cpp.o
 .text._ZN7TwoWireC2EP3TwiPFvvES3_
                0x00082780       0x48 C:\Users\Dhrumil\AppData\Local\Temp\VMBuilds\MTE380\arduino_due_x_dbg\Debug\Wire\Wire.cpp.o
                0x00082780                TwoWire::TwoWire(Twi*, void (*)(), void (*)())
                0x00082780                TwoWire::TwoWire(Twi*, void (*)(), void (*)())
 .text._ZN7TwoWire5beginEv
                0x000827c8       0x30 C:\Users\Dhrumil\AppData\Local\Temp\VMBuilds\MTE380\arduino_due_x_dbg\Debug\Wire\Wire.cpp.o
                0x000827c8                TwoWire::begin()
 .text._ZN7TwoWire8setClockEm
                0x000827f8       0x14 C:\Users\Dhrumil\AppData\Local\Temp\VMBuilds\MTE380\arduino_due_x_dbg\Debug\Wire\Wire.cpp.o
                0x000827f8                TwoWire::setClock(unsigned long)
 .text._ZN7TwoWire11requestFromEhhmhh
                0x0008280c       0x78 C:\Users\Dhrumil\AppData\Local\Temp\VMBuilds\MTE380\arduino_due_x_dbg\Debug\Wire\Wire.cpp.o
                0x0008280c                TwoWire::requestFrom(unsigned char, unsigned char, unsigned long, unsigned char, unsigned char)
 .text._ZN7TwoWire11requestFromEhhh
                0x00082884       0x12 C:\Users\Dhrumil\AppData\Local\Temp\VMBuilds\MTE380\arduino_due_x_dbg\Debug\Wire\Wire.cpp.o
                0x00082884                TwoWire::requestFrom(unsigned char, unsigned char, unsigned char)
 .text._ZN7TwoWire11requestFromEii
                0x00082896        0xa C:\Users\Dhrumil\AppData\Local\Temp\VMBuilds\MTE380\arduino_due_x_dbg\Debug\Wire\Wire.cpp.o
                0x00082896                TwoWire::requestFrom(int, int)
 .text._ZN7TwoWire17beginTransmissionEi
                0x000828a0       0x12 C:\Users\Dhrumil\AppData\Local\Temp\VMBuilds\MTE380\arduino_due_x_dbg\Debug\Wire\Wire.cpp.o
                0x000828a0                TwoWire::beginTransmission(int)
 .text._ZN7TwoWire15endTransmissionEh
                0x000828b2       0x82 C:\Users\Dhrumil\AppData\Local\Temp\VMBuilds\MTE380\arduino_due_x_dbg\Debug\Wire\Wire.cpp.o
                0x000828b2                TwoWire::endTransmission(unsigned char)
 .text._ZN7TwoWire15endTransmissionEv
                0x00082934        0x6 C:\Users\Dhrumil\AppData\Local\Temp\VMBuilds\MTE380\arduino_due_x_dbg\Debug\Wire\Wire.cpp.o
                0x00082934                TwoWire::endTransmission()
 .text._ZN7TwoWire9onServiceEv
                0x0008293a      0x118 C:\Users\Dhrumil\AppData\Local\Temp\VMBuilds\MTE380\arduino_due_x_dbg\Debug\Wire\Wire.cpp.o
                0x0008293a                TwoWire::onService()
 *fill*         0x00082a52        0x2 
 .text.TWI1_Handler
                0x00082a54        0xc C:\Users\Dhrumil\AppData\Local\Temp\VMBuilds\MTE380\arduino_due_x_dbg\Debug\Wire\Wire.cpp.o
                0x00082a54                TWI1_Handler
 .text.TWI0_Handler
                0x00082a60        0xc C:\Users\Dhrumil\AppData\Local\Temp\VMBuilds\MTE380\arduino_due_x_dbg\Debug\Wire\Wire.cpp.o
                0x00082a60                TWI0_Handler
 .text.startup._GLOBAL__sub_I__ZN7TwoWireC2EP3TwiPFvvES3_
                0x00082a6c       0x40 C:\Users\Dhrumil\AppData\Local\Temp\VMBuilds\MTE380\arduino_due_x_dbg\Debug\Wire\Wire.cpp.o
 .text._ZN16VisualMicroDebug16DBG_YieldAndWaitEmb
                0x00082aac       0x1a C:\Users\Dhrumil\AppData\Local\Temp\VMBuilds\MTE380\arduino_due_x_dbg\Debug\VM_DBG\VM_DBG.cpp.o
                0x00082aac                VisualMicroDebug::DBG_YieldAndWait(unsigned long, bool)
 .text._ZN16VisualMicroDebug16DBG_YieldAndWaitEm
                0x00082ac6        0x6 C:\Users\Dhrumil\AppData\Local\Temp\VMBuilds\MTE380\arduino_due_x_dbg\Debug\VM_DBG\VM_DBG.cpp.o
                0x00082ac6                VisualMicroDebug::DBG_YieldAndWait(unsigned long)
 .text._ZN16VisualMicroDebug14outPacketStartEb
                0x00082acc       0x28 C:\Users\Dhrumil\AppData\Local\Temp\VMBuilds\MTE380\arduino_due_x_dbg\Debug\VM_DBG\VM_DBG.cpp.o
                0x00082acc                VisualMicroDebug::outPacketStart(bool)
 .text._ZN16VisualMicroDebug12outPacketEndEv
                0x00082af4        0x2 C:\Users\Dhrumil\AppData\Local\Temp\VMBuilds\MTE380\arduino_due_x_dbg\Debug\VM_DBG\VM_DBG.cpp.o
                0x00082af4                VisualMicroDebug::outPacketEnd()
 .text._ZN16VisualMicroDebug4initEm
                0x00082af6        0xe C:\Users\Dhrumil\AppData\Local\Temp\VMBuilds\MTE380\arduino_due_x_dbg\Debug\VM_DBG\VM_DBG.cpp.o
                0x00082af6                VisualMicroDebug::init(unsigned long)
 .text._ZN16VisualMicroDebug5beginEP9UARTClassm
                0x00082b04       0x10 C:\Users\Dhrumil\AppData\Local\Temp\VMBuilds\MTE380\arduino_due_x_dbg\Debug\VM_DBG\VM_DBG.cpp.o
                0x00082b04                VisualMicroDebug::begin(UARTClass*, unsigned long)
 .text._ZN16VisualMicroDebug4readEv
                0x00082b14        0xe C:\Users\Dhrumil\AppData\Local\Temp\VMBuilds\MTE380\arduino_due_x_dbg\Debug\VM_DBG\VM_DBG.cpp.o
                0x00082b14                VisualMicroDebug::read()
 .text._ZN16VisualMicroDebug9availableEv
                0x00082b22        0xe C:\Users\Dhrumil\AppData\Local\Temp\VMBuilds\MTE380\arduino_due_x_dbg\Debug\VM_DBG\VM_DBG.cpp.o
                0x00082b22                VisualMicroDebug::available()
 .text._ZN16VisualMicroDebug16sendContinuedACKEh
                0x00082b30       0x3c C:\Users\Dhrumil\AppData\Local\Temp\VMBuilds\MTE380\arduino_due_x_dbg\Debug\VM_DBG\VM_DBG.cpp.o
                0x00082b30                VisualMicroDebug::sendContinuedACK(unsigned char)
 .text._ZN16VisualMicroDebug9breakWaitEh
                0x00082b6c       0x54 C:\Users\Dhrumil\AppData\Local\Temp\VMBuilds\MTE380\arduino_due_x_dbg\Debug\VM_DBG\VM_DBG.cpp.o
                0x00082b6c                VisualMicroDebug::breakWait(unsigned char)
 .text._ZN16VisualMicroDebug5startEbb
                0x00082bc0       0x26 C:\Users\Dhrumil\AppData\Local\Temp\VMBuilds\MTE380\arduino_due_x_dbg\Debug\VM_DBG\VM_DBG.cpp.o
                0x00082bc0                VisualMicroDebug::start(bool, bool)
 *fill*         0x00082be6        0x2 
 .text.startup._GLOBAL__sub_I__ZN16VisualMicroDebug16DBG_YieldAndWaitEm
                0x00082be8       0x14 C:\Users\Dhrumil\AppData\Local\Temp\VMBuilds\MTE380\arduino_due_x_dbg\Debug\VM_DBG\VM_DBG.cpp.o
 .text._Z11serialEventv
                0x00082bfc        0x2 C:\Users\Dhrumil\AppData\Local\Temp\VMBCore\arduino16x\f1ce478460d779a7f1a10d3b7402bdba\variant\variant.cpp.o
                0x00082bfc                serialEvent()
 *fill*         0x00082bfe        0x2 
 .text.UART_Handler
                0x00082c00        0xc C:\Users\Dhrumil\AppData\Local\Temp\VMBCore\arduino16x\f1ce478460d779a7f1a10d3b7402bdba\variant\variant.cpp.o
                0x00082c00                UART_Handler
 .text._Z12serialEvent1v
                0x00082c0c        0x2 C:\Users\Dhrumil\AppData\Local\Temp\VMBCore\arduino16x\f1ce478460d779a7f1a10d3b7402bdba\variant\variant.cpp.o
                0x00082c0c                serialEvent1()
 .text._Z12serialEvent2v
                0x00082c0e        0x2 C:\Users\Dhrumil\AppData\Local\Temp\VMBCore\arduino16x\f1ce478460d779a7f1a10d3b7402bdba\variant\variant.cpp.o
                0x00082c0e                serialEvent2()
 .text._Z12serialEvent3v
                0x00082c10        0x2 C:\Users\Dhrumil\AppData\Local\Temp\VMBCore\arduino16x\f1ce478460d779a7f1a10d3b7402bdba\variant\variant.cpp.o
                0x00082c10                serialEvent3()
 *fill*         0x00082c12        0x2 
 .text.USART0_Handler
                0x00082c14        0xc C:\Users\Dhrumil\AppData\Local\Temp\VMBCore\arduino16x\f1ce478460d779a7f1a10d3b7402bdba\variant\variant.cpp.o
                0x00082c14                USART0_Handler
 .text.USART1_Handler
                0x00082c20        0xc C:\Users\Dhrumil\AppData\Local\Temp\VMBCore\arduino16x\f1ce478460d779a7f1a10d3b7402bdba\variant\variant.cpp.o
                0x00082c20                USART1_Handler
 .text.USART3_Handler
                0x00082c2c        0xc C:\Users\Dhrumil\AppData\Local\Temp\VMBCore\arduino16x\f1ce478460d779a7f1a10d3b7402bdba\variant\variant.cpp.o
                0x00082c2c                USART3_Handler
 .text.init     0x00082c38      0x128 C:\Users\Dhrumil\AppData\Local\Temp\VMBCore\arduino16x\f1ce478460d779a7f1a10d3b7402bdba\variant\variant.cpp.o
                0x00082c38                init
 .text.startup._GLOBAL__sub_I_g_APinDescription
                0x00082d60       0xd4 C:\Users\Dhrumil\AppData\Local\Temp\VMBCore\arduino16x\f1ce478460d779a7f1a10d3b7402bdba\variant\variant.cpp.o
 .text._Z14serialEventRunv
                0x00082e34       0x44 C:\Users\Dhrumil\AppData\Local\Temp\VMBCore\arduino16x\f1ce478460d779a7f1a10d3b7402bdba\variant\variant.cpp.o
                0x00082e34                serialEventRun()
 .text.PIO_PullUp
                0x00082e78        0xa C:\Users\Dhrumil\AppData\Local\arduino15\packages\arduino\hardware\sam\1.6.11\variants\arduino_due_x/libsam_sam3x8e_gcc_rel.a(pio.o)
                0x00082e78                PIO_PullUp
 .text.PIO_SetPeripheral
                0x00082e82       0x26 C:\Users\Dhrumil\AppData\Local\arduino15\packages\arduino\hardware\sam\1.6.11\variants\arduino_due_x/libsam_sam3x8e_gcc_rel.a(pio.o)
                0x00082e82                PIO_SetPeripheral
 .text.PIO_SetInput
                0x00082ea8       0x26 C:\Users\Dhrumil\AppData\Local\arduino15\packages\arduino\hardware\sam\1.6.11\variants\arduino_due_x/libsam_sam3x8e_gcc_rel.a(pio.o)
                0x00082ea8                PIO_SetInput
 .text.PIO_SetOutput
                0x00082ece       0x24 C:\Users\Dhrumil\AppData\Local\arduino15\packages\arduino\hardware\sam\1.6.11\variants\arduino_due_x/libsam_sam3x8e_gcc_rel.a(pio.o)
                0x00082ece                PIO_SetOutput
 *fill*         0x00082ef2        0x2 
 .text.PIO_Configure
                0x00082ef4       0x64 C:\Users\Dhrumil\AppData\Local\arduino15\packages\arduino\hardware\sam\1.6.11\variants\arduino_due_x/libsam_sam3x8e_gcc_rel.a(pio.o)
                0x00082ef4                PIO_Configure
 .text.PIO_GetOutputDataStatus
                0x00082f58       0x14 C:\Users\Dhrumil\AppData\Local\arduino15\packages\arduino\hardware\sam\1.6.11\variants\arduino_due_x/libsam_sam3x8e_gcc_rel.a(pio.o)
                0x00082f58                PIO_GetOutputDataStatus
 .text.pmc_enable_upll_clock
                0x00082f6c       0x14 C:\Users\Dhrumil\AppData\Local\arduino15\packages\arduino\hardware\sam\1.6.11\variants\arduino_due_x/libsam_sam3x8e_gcc_rel.a(pmc.o)
                0x00082f6c                pmc_enable_upll_clock
 .text.pmc_enable_periph_clk
                0x00082f80       0x44 C:\Users\Dhrumil\AppData\Local\arduino15\packages\arduino\hardware\sam\1.6.11\variants\arduino_due_x/libsam_sam3x8e_gcc_rel.a(pmc.o)
                0x00082f80                pmc_enable_periph_clk
 .text.pmc_disable_periph_clk
                0x00082fc4       0x40 C:\Users\Dhrumil\AppData\Local\arduino15\packages\arduino\hardware\sam\1.6.11\variants\arduino_due_x/libsam_sam3x8e_gcc_rel.a(pmc.o)
                0x00082fc4                pmc_disable_periph_clk
 .text.pmc_switch_udpck_to_upllck
                0x00083004       0x14 C:\Users\Dhrumil\AppData\Local\arduino15\packages\arduino\hardware\sam\1.6.11\variants\arduino_due_x/libsam_sam3x8e_gcc_rel.a(pmc.o)
                0x00083004                pmc_switch_udpck_to_upllck
 .text.pmc_enable_udpck
                0x00083018        0xc C:\Users\Dhrumil\AppData\Local\arduino15\packages\arduino\hardware\sam\1.6.11\variants\arduino_due_x/libsam_sam3x8e_gcc_rel.a(pmc.o)
                0x00083018                pmc_enable_udpck
 .text.TWI_SetClock
                0x00083024       0x58 C:\Users\Dhrumil\AppData\Local\arduino15\packages\arduino\hardware\sam\1.6.11\variants\arduino_due_x/libsam_sam3x8e_gcc_rel.a(twi.o)
                0x00083024                TWI_SetClock
 .text.TWI_Disable
                0x0008307c       0x2c C:\Users\Dhrumil\AppData\Local\arduino15\packages\arduino\hardware\sam\1.6.11\variants\arduino_due_x/libsam_sam3x8e_gcc_rel.a(twi.o)
                0x0008307c                TWI_Disable
 .text.TWI_ConfigureMaster
                0x000830a8       0x48 C:\Users\Dhrumil\AppData\Local\arduino15\packages\arduino\hardware\sam\1.6.11\variants\arduino_due_x/libsam_sam3x8e_gcc_rel.a(twi.o)
                0x000830a8                TWI_ConfigureMaster
 .text.TWI_Stop
                0x000830f0       0x28 C:\Users\Dhrumil\AppData\Local\arduino15\packages\arduino\hardware\sam\1.6.11\variants\arduino_due_x/libsam_sam3x8e_gcc_rel.a(twi.o)
                0x000830f0                TWI_Stop
 .text.TWI_StartRead
                0x00083118       0x70 C:\Users\Dhrumil\AppData\Local\arduino15\packages\arduino\hardware\sam\1.6.11\variants\arduino_due_x/libsam_sam3x8e_gcc_rel.a(twi.o)
                0x00083118                TWI_StartRead
 .text.TWI_ReadByte
                0x00083188       0x28 C:\Users\Dhrumil\AppData\Local\arduino15\packages\arduino\hardware\sam\1.6.11\variants\arduino_due_x/libsam_sam3x8e_gcc_rel.a(twi.o)
                0x00083188                TWI_ReadByte
 .text.TWI_WriteByte
                0x000831b0       0x24 C:\Users\Dhrumil\AppData\Local\arduino15\packages\arduino\hardware\sam\1.6.11\variants\arduino_due_x/libsam_sam3x8e_gcc_rel.a(twi.o)
                0x000831b0                TWI_WriteByte
 .text.TWI_StartWrite
                0x000831d4       0x7c C:\Users\Dhrumil\AppData\Local\arduino15\packages\arduino\hardware\sam\1.6.11\variants\arduino_due_x/libsam_sam3x8e_gcc_rel.a(twi.o)
                0x000831d4                TWI_StartWrite
 .text.TWI_EnableIt
                0x00083250       0x40 C:\Users\Dhrumil\AppData\Local\arduino15\packages\arduino\hardware\sam\1.6.11\variants\arduino_due_x/libsam_sam3x8e_gcc_rel.a(twi.o)
                0x00083250                TWI_EnableIt
 .text.TWI_DisableIt
                0x00083290       0x40 C:\Users\Dhrumil\AppData\Local\arduino15\packages\arduino\hardware\sam\1.6.11\variants\arduino_due_x/libsam_sam3x8e_gcc_rel.a(twi.o)
                0x00083290                TWI_DisableIt
 .text.TWI_GetStatus
                0x000832d0       0x28 C:\Users\Dhrumil\AppData\Local\arduino15\packages\arduino\hardware\sam\1.6.11\variants\arduino_due_x/libsam_sam3x8e_gcc_rel.a(twi.o)
                0x000832d0                TWI_GetStatus
 .text.TWI_SendSTOPCondition
                0x000832f8       0x2c C:\Users\Dhrumil\AppData\Local\arduino15\packages\arduino\hardware\sam\1.6.11\variants\arduino_due_x/libsam_sam3x8e_gcc_rel.a(twi.o)
                0x000832f8                TWI_SendSTOPCondition
 .text.SystemInit
                0x00083324       0x88 C:\Users\Dhrumil\AppData\Local\arduino15\packages\arduino\hardware\sam\1.6.11\variants\arduino_due_x/libsam_sam3x8e_gcc_rel.a(system_sam3xa.o)
                0x00083324                SystemInit
 .text.Reset_Handler
                0x000833ac       0x78 C:\Users\Dhrumil\AppData\Local\arduino15\packages\arduino\hardware\sam\1.6.11\variants\arduino_due_x/libsam_sam3x8e_gcc_rel.a(startup_sam3xa.o)
                0x000833ac                Reset_Handler
 .text.adc_init
                0x00083424       0x98 C:\Users\Dhrumil\AppData\Local\arduino15\packages\arduino\hardware\sam\1.6.11\variants\arduino_due_x/libsam_sam3x8e_gcc_rel.a(adc.o)
                0x00083424                adc_init
 .text.adc_configure_trigger
                0x000834bc        0xe C:\Users\Dhrumil\AppData\Local\arduino15\packages\arduino\hardware\sam\1.6.11\variants\arduino_due_x/libsam_sam3x8e_gcc_rel.a(adc.o)
                0x000834bc                adc_configure_trigger
 .text.adc_configure_timing
                0x000834ca       0x1a C:\Users\Dhrumil\AppData\Local\arduino15\packages\arduino\hardware\sam\1.6.11\variants\arduino_due_x/libsam_sam3x8e_gcc_rel.a(adc.o)
                0x000834ca                adc_configure_timing
 .text.adc_disable_channel
                0x000834e4        0xa C:\Users\Dhrumil\AppData\Local\arduino15\packages\arduino\hardware\sam\1.6.11\variants\arduino_due_x/libsam_sam3x8e_gcc_rel.a(adc.o)
                0x000834e4                adc_disable_channel
 .text.adc_disable_all_channel
                0x000834ee        0x8 C:\Users\Dhrumil\AppData\Local\arduino15\packages\arduino\hardware\sam\1.6.11\variants\arduino_due_x/libsam_sam3x8e_gcc_rel.a(adc.o)
                0x000834ee                adc_disable_all_channel
 .text.adc_disable_interrupt
                0x000834f6        0x4 C:\Users\Dhrumil\AppData\Local\arduino15\packages\arduino\hardware\sam\1.6.11\variants\arduino_due_x/libsam_sam3x8e_gcc_rel.a(adc.o)
                0x000834f6                adc_disable_interrupt
 *fill*         0x000834fa        0x2 
 .text.UOTGHS_Handler
                0x000834fc       0x10 C:\Users\Dhrumil\AppData\Local\arduino15\packages\arduino\hardware\sam\1.6.11\variants\arduino_due_x/libsam_sam3x8e_gcc_rel.a(uotghs.o)
                0x000834fc                UOTGHS_Handler
 .text.__halt   0x0008350c        0x2 C:\Users\Dhrumil\AppData\Local\Temp\VMBuilds\MTE380\arduino_due_x_dbg\Debug/core.a(cortex_handlers.c.o)
                0x0008350c                DACC_Handler
                0x0008350c                DebugMon_Handler
                0x0008350c                DMAC_Handler
                0x0008350c                TRNG_Handler
                0x0008350c                HardFault_Handler
                0x0008350c                TC2_Handler
                0x0008350c                NMI_Handler
                0x0008350c                TC7_Handler
                0x0008350c                ADC_Handler
                0x0008350c                SMC_Handler
                0x0008350c                RTT_Handler
                0x0008350c                EFC1_Handler
                0x0008350c                PIOB_Handler
                0x0008350c                RTC_Handler
                0x0008350c                UsageFault_Handler
                0x0008350c                TC6_Handler
                0x0008350c                WDT_Handler
                0x0008350c                CAN0_Handler
                0x0008350c                TC4_Handler
                0x0008350c                TC1_Handler
                0x0008350c                HSMCI_Handler
                0x0008350c                TC3_Handler
                0x0008350c                PIOA_Handler
                0x0008350c                SSC_Handler
                0x0008350c                EFC0_Handler
                0x0008350c                PMC_Handler
                0x0008350c                PWM_Handler
                0x0008350c                CAN1_Handler
                0x0008350c                MemManage_Handler
                0x0008350c                SUPC_Handler
                0x0008350c                TC8_Handler
                0x0008350c                USART2_Handler
                0x0008350c                PIOD_Handler
                0x0008350c                EMAC_Handler
                0x0008350c                PIOC_Handler
                0x0008350c                BusFault_Handler
                0x0008350c                RSTC_Handler
                0x0008350c                TC0_Handler
                0x0008350c                TC5_Handler
                0x0008350c                SPI0_Handler
 .text.SVC_Handler
                0x0008350e        0x4 C:\Users\Dhrumil\AppData\Local\Temp\VMBuilds\MTE380\arduino_due_x_dbg\Debug/core.a(cortex_handlers.c.o)
                0x0008350e                SVC_Handler
 .text.PendSV_Handler
                0x00083512        0x4 C:\Users\Dhrumil\AppData\Local\Temp\VMBuilds\MTE380\arduino_due_x_dbg\Debug/core.a(cortex_handlers.c.o)
                0x00083512                PendSV_Handler
 .text.SysTick_Handler
                0x00083516       0x16 C:\Users\Dhrumil\AppData\Local\Temp\VMBuilds\MTE380\arduino_due_x_dbg\Debug/core.a(cortex_handlers.c.o)
                0x00083516                SysTick_Handler
 .text.__empty  0x0008352c        0x2 C:\Users\Dhrumil\AppData\Local\Temp\VMBuilds\MTE380\arduino_due_x_dbg\Debug/core.a(hooks.c.o)
                0x0008352c                yield
 .text.__false  0x0008352e        0x4 C:\Users\Dhrumil\AppData\Local\Temp\VMBuilds\MTE380\arduino_due_x_dbg\Debug/core.a(hooks.c.o)
                0x0008352e                sysTickHook
 .text.__halt   0x00083532        0x2 C:\Users\Dhrumil\AppData\Local\Temp\VMBuilds\MTE380\arduino_due_x_dbg\Debug/core.a(hooks.c.o)
                0x00083532                svcHook
                0x00083532                pendSVHook
 .text._sbrk    0x00083534       0x1c C:\Users\Dhrumil\AppData\Local\Temp\VMBuilds\MTE380\arduino_due_x_dbg\Debug/core.a(syscalls_sam3.c.o)
                0x00083534                _sbrk
 .text.link     0x00083550        0x6 C:\Users\Dhrumil\AppData\Local\Temp\VMBuilds\MTE380\arduino_due_x_dbg\Debug/core.a(syscalls_sam3.c.o)
                0x00083550                link
 .text._close   0x00083556        0x6 C:\Users\Dhrumil\AppData\Local\Temp\VMBuilds\MTE380\arduino_due_x_dbg\Debug/core.a(syscalls_sam3.c.o)
                0x00083556                _close
 .text._fstat   0x0008355c        0xa C:\Users\Dhrumil\AppData\Local\Temp\VMBuilds\MTE380\arduino_due_x_dbg\Debug/core.a(syscalls_sam3.c.o)
                0x0008355c                _fstat
 .text._isatty  0x00083566        0x4 C:\Users\Dhrumil\AppData\Local\Temp\VMBuilds\MTE380\arduino_due_x_dbg\Debug/core.a(syscalls_sam3.c.o)
                0x00083566                _isatty
 .text._lseek   0x0008356a        0x4 C:\Users\Dhrumil\AppData\Local\Temp\VMBuilds\MTE380\arduino_due_x_dbg\Debug/core.a(syscalls_sam3.c.o)
                0x0008356a                _lseek
 .text._read    0x0008356e        0x4 C:\Users\Dhrumil\AppData\Local\Temp\VMBuilds\MTE380\arduino_due_x_dbg\Debug/core.a(syscalls_sam3.c.o)
                0x0008356e                _read
 *fill*         0x00083572        0x2 
 .text._write   0x00083574       0x24 C:\Users\Dhrumil\AppData\Local\Temp\VMBuilds\MTE380\arduino_due_x_dbg\Debug/core.a(syscalls_sam3.c.o)
                0x00083574                _write
 .text._exit    0x00083598       0x10 C:\Users\Dhrumil\AppData\Local\Temp\VMBuilds\MTE380\arduino_due_x_dbg\Debug/core.a(syscalls_sam3.c.o)
                0x00083598                _exit
 .text._kill    0x000835a8        0x2 C:\Users\Dhrumil\AppData\Local\Temp\VMBuilds\MTE380\arduino_due_x_dbg\Debug/core.a(syscalls_sam3.c.o)
                0x000835a8                _kill
 .text._getpid  0x000835aa        0x6 C:\Users\Dhrumil\AppData\Local\Temp\VMBuilds\MTE380\arduino_due_x_dbg\Debug/core.a(syscalls_sam3.c.o)
                0x000835aa                _getpid
 .text.millis   0x000835b0        0x4 C:\Users\Dhrumil\AppData\Local\Temp\VMBuilds\MTE380\arduino_due_x_dbg\Debug/core.a(wiring.c.o)
                0x000835b0                millis
 .text.delay    0x000835b4       0x1c C:\Users\Dhrumil\AppData\Local\Temp\VMBuilds\MTE380\arduino_due_x_dbg\Debug/core.a(wiring.c.o)
                0x000835b4                delay
 .text.analogOutputInit
                0x000835d0        0x2 C:\Users\Dhrumil\AppData\Local\Temp\VMBuilds\MTE380\arduino_due_x_dbg\Debug/core.a(wiring_analog.c.o)
                0x000835d0                analogOutputInit
 *fill*         0x000835d2        0x2 
 .text.pinMode  0x000835d4      0x108 C:\Users\Dhrumil\AppData\Local\Temp\VMBuilds\MTE380\arduino_due_x_dbg\Debug/core.a(wiring_digital.c.o)
                0x000835d4                pinMode
 .text.digitalWrite
                0x000836dc       0x70 C:\Users\Dhrumil\AppData\Local\Temp\VMBuilds\MTE380\arduino_due_x_dbg\Debug/core.a(wiring_digital.c.o)
                0x000836dc                digitalWrite
 .text.initVariant
                0x0008374c        0x2 C:\Users\Dhrumil\AppData\Local\Temp\VMBuilds\MTE380\arduino_due_x_dbg\Debug/core.a(main.cpp.o)
                0x0008374c                initVariant
 *fill*         0x0008374e        0x2 
 .text.startup.main
                0x00083750       0x38 C:\Users\Dhrumil\AppData\Local\Temp\VMBuilds\MTE380\arduino_due_x_dbg\Debug/core.a(main.cpp.o)
                0x00083750                main
 .text._ZN5Print5writeEPKhj
                0x00083788       0x22 C:\Users\Dhrumil\AppData\Local\Temp\VMBuilds\MTE380\arduino_due_x_dbg\Debug/core.a(Print.cpp.o)
                0x00083788                Print::write(unsigned char const*, unsigned int)
 .text._ZN5Print5printEmi.part.3
                0x000837aa        0xc C:\Users\Dhrumil\AppData\Local\Temp\VMBuilds\MTE380\arduino_due_x_dbg\Debug/core.a(Print.cpp.o)
 .text._ZN5Print5writeEPKc
                0x000837b6       0x1e C:\Users\Dhrumil\AppData\Local\Temp\VMBuilds\MTE380\arduino_due_x_dbg\Debug/core.a(Print.cpp.o)
                0x000837b6                Print::write(char const*)
 .text._ZN5Print5printEPK19__FlashStringHelper
                0x000837d4        0x8 C:\Users\Dhrumil\AppData\Local\Temp\VMBuilds\MTE380\arduino_due_x_dbg\Debug/core.a(Print.cpp.o)
                0x000837d4                Print::print(__FlashStringHelper const*)
 .text._ZN5Print5printEPKc
                0x000837dc        0x8 C:\Users\Dhrumil\AppData\Local\Temp\VMBuilds\MTE380\arduino_due_x_dbg\Debug/core.a(Print.cpp.o)
                0x000837dc                Print::print(char const*)
 .text._ZN5Print5printEc
                0x000837e4        0xa C:\Users\Dhrumil\AppData\Local\Temp\VMBuilds\MTE380\arduino_due_x_dbg\Debug/core.a(Print.cpp.o)
                0x000837e4                Print::print(char)
 *fill*         0x000837ee        0x2 
 .text._ZN5Print7printlnEv
                0x000837f0       0x10 C:\Users\Dhrumil\AppData\Local\Temp\VMBuilds\MTE380\arduino_due_x_dbg\Debug/core.a(Print.cpp.o)
                0x000837f0                Print::println()
 .text._ZN5Print7printlnEPK19__FlashStringHelper
                0x00083800       0x14 C:\Users\Dhrumil\AppData\Local\Temp\VMBuilds\MTE380\arduino_due_x_dbg\Debug/core.a(Print.cpp.o)
                0x00083800                Print::println(__FlashStringHelper const*)
 .text._ZN5Print7printlnEPKc
                0x00083814       0x14 C:\Users\Dhrumil\AppData\Local\Temp\VMBuilds\MTE380\arduino_due_x_dbg\Debug/core.a(Print.cpp.o)
                0x00083814                Print::println(char const*)
 .text._ZN5Print11printNumberEmh
                0x00083828       0x3e C:\Users\Dhrumil\AppData\Local\Temp\VMBuilds\MTE380\arduino_due_x_dbg\Debug/core.a(Print.cpp.o)
                0x00083828                Print::printNumber(unsigned long, unsigned char)
 .text._ZN5Print5printEli
                0x00083866       0x3c C:\Users\Dhrumil\AppData\Local\Temp\VMBuilds\MTE380\arduino_due_x_dbg\Debug/core.a(Print.cpp.o)
                0x00083866                Print::print(long, int)
 .text._ZN5Print7printlnEii
                0x000838a2       0x14 C:\Users\Dhrumil\AppData\Local\Temp\VMBuilds\MTE380\arduino_due_x_dbg\Debug/core.a(Print.cpp.o)
                0x000838a2                Print::println(int, int)
 .text._ZN5Print5printEmi
                0x000838b6        0xc C:\Users\Dhrumil\AppData\Local\Temp\VMBuilds\MTE380\arduino_due_x_dbg\Debug/core.a(Print.cpp.o)
                0x000838b6                Print::print(unsigned long, int)
 .text._ZN5Print5printEhi
                0x000838c2        0x4 C:\Users\Dhrumil\AppData\Local\Temp\VMBuilds\MTE380\arduino_due_x_dbg\Debug/core.a(Print.cpp.o)
                0x000838c2                Print::print(unsigned char, int)
 .text._ZN5Print7printlnEhi
                0x000838c6       0x14 C:\Users\Dhrumil\AppData\Local\Temp\VMBuilds\MTE380\arduino_due_x_dbg\Debug/core.a(Print.cpp.o)
                0x000838c6                Print::println(unsigned char, int)
 .text._ZN5Print5printEji
                0x000838da        0x4 C:\Users\Dhrumil\AppData\Local\Temp\VMBuilds\MTE380\arduino_due_x_dbg\Debug/core.a(Print.cpp.o)
                0x000838da                Print::print(unsigned int, int)
 *fill*         0x000838de        0x2 
 .text.initiateReset
                0x000838e0        0xc C:\Users\Dhrumil\AppData\Local\Temp\VMBuilds\MTE380\arduino_due_x_dbg\Debug/core.a(Reset.cpp.o)
                0x000838e0                initiateReset
 .text.cancelReset
                0x000838ec       0x10 C:\Users\Dhrumil\AppData\Local\Temp\VMBuilds\MTE380\arduino_due_x_dbg\Debug/core.a(Reset.cpp.o)
                0x000838ec                cancelReset
 .text.tickReset
                0x000838fc       0x20 C:\Users\Dhrumil\AppData\Local\Temp\VMBuilds\MTE380\arduino_due_x_dbg\Debug/core.a(Reset.cpp.o)
                0x000838fc                tickReset
 .text._ZN10RingBufferC2Ev
                0x0008391c       0x1a C:\Users\Dhrumil\AppData\Local\Temp\VMBuilds\MTE380\arduino_due_x_dbg\Debug/core.a(RingBuffer.cpp.o)
                0x0008391c                RingBuffer::RingBuffer()
                0x0008391c                RingBuffer::RingBuffer()
 .text._ZN10RingBuffer10store_charEh
                0x00083936       0x1e C:\Users\Dhrumil\AppData\Local\Temp\VMBuilds\MTE380\arduino_due_x_dbg\Debug/core.a(RingBuffer.cpp.o)
                0x00083936                RingBuffer::store_char(unsigned char)
 .text._ZN9UARTClasscvbEv
                0x00083954        0x4 C:\Users\Dhrumil\AppData\Local\Temp\VMBuilds\MTE380\arduino_due_x_dbg\Debug/core.a(UARTClass.cpp.o)
                0x00083954                UARTClass::operator bool()
 .text._ZN9UARTClass9availableEv
                0x00083958       0x12 C:\Users\Dhrumil\AppData\Local\Temp\VMBuilds\MTE380\arduino_due_x_dbg\Debug/core.a(UARTClass.cpp.o)
                0x00083958                UARTClass::available()
 .text._ZN9UARTClass4peekEv
                0x0008396a       0x1c C:\Users\Dhrumil\AppData\Local\Temp\VMBuilds\MTE380\arduino_due_x_dbg\Debug/core.a(UARTClass.cpp.o)
                0x0008396a                UARTClass::peek()
 .text._ZN9UARTClass4readEv
                0x00083986       0x2a C:\Users\Dhrumil\AppData\Local\Temp\VMBuilds\MTE380\arduino_due_x_dbg\Debug/core.a(UARTClass.cpp.o)
                0x00083986                UARTClass::read()
 .text._ZN9UARTClass5flushEv
                0x000839b0       0x18 C:\Users\Dhrumil\AppData\Local\Temp\VMBuilds\MTE380\arduino_due_x_dbg\Debug/core.a(UARTClass.cpp.o)
                0x000839b0                UARTClass::flush()
 .text._ZN9UARTClass5writeEh
                0x000839c8       0x54 C:\Users\Dhrumil\AppData\Local\Temp\VMBuilds\MTE380\arduino_due_x_dbg\Debug/core.a(UARTClass.cpp.o)
                0x000839c8                UARTClass::write(unsigned char)
 .text._ZN9UARTClass3endEv
                0x00083a1c       0x3c C:\Users\Dhrumil\AppData\Local\Temp\VMBuilds\MTE380\arduino_due_x_dbg\Debug/core.a(UARTClass.cpp.o)
                0x00083a1c                UARTClass::end()
 .text._ZN9UARTClassC2EP4Uart4IRQnmP10RingBufferS4_
                0x00083a58       0x24 C:\Users\Dhrumil\AppData\Local\Temp\VMBuilds\MTE380\arduino_due_x_dbg\Debug/core.a(UARTClass.cpp.o)
                0x00083a58                UARTClass::UARTClass(Uart*, IRQn, unsigned long, RingBuffer*, RingBuffer*)
                0x00083a58                UARTClass::UARTClass(Uart*, IRQn, unsigned long, RingBuffer*, RingBuffer*)
 .text._ZN9UARTClass4initEmm
                0x00083a7c       0x70 C:\Users\Dhrumil\AppData\Local\Temp\VMBuilds\MTE380\arduino_due_x_dbg\Debug/core.a(UARTClass.cpp.o)
                0x00083a7c                UARTClass::init(unsigned long, unsigned long)
 .text._ZN9UARTClass5beginEm
                0x00083aec        0x8 C:\Users\Dhrumil\AppData\Local\Temp\VMBuilds\MTE380\arduino_due_x_dbg\Debug/core.a(UARTClass.cpp.o)
                0x00083aec                UARTClass::begin(unsigned long)
 .text._ZN9UARTClass10IrqHandlerEv
                0x00083af4       0x5a C:\Users\Dhrumil\AppData\Local\Temp\VMBuilds\MTE380\arduino_due_x_dbg\Debug/core.a(UARTClass.cpp.o)
                0x00083af4                UARTClass::IrqHandler()
 .text._ZN10USARTClass5beginEm
                0x00083b4e        0x8 C:\Users\Dhrumil\AppData\Local\Temp\VMBuilds\MTE380\arduino_due_x_dbg\Debug/core.a(USARTClass.cpp.o)
                0x00083b4e                USARTClass::begin(unsigned long)
 *fill*         0x00083b56        0x2 
 .text._ZN10USARTClassC2EP5Usart4IRQnmP10RingBufferS4_
                0x00083b58       0x24 C:\Users\Dhrumil\AppData\Local\Temp\VMBuilds\MTE380\arduino_due_x_dbg\Debug/core.a(USARTClass.cpp.o)
                0x00083b58                USARTClass::USARTClass(Usart*, IRQn, unsigned long, RingBuffer*, RingBuffer*)
                0x00083b58                USARTClass::USARTClass(Usart*, IRQn, unsigned long, RingBuffer*, RingBuffer*)
 .text._watchdogDefaultSetup
                0x00083b7c        0xc C:\Users\Dhrumil\AppData\Local\Temp\VMBuilds\MTE380\arduino_due_x_dbg\Debug/core.a(watchdog.cpp.o)
                0x00083b7c                _watchdogDefaultSetup
                0x00083b7c                watchdogSetup()
 .text.unlikely._ZL11USB_SendZlpv
                0x00083b88       0x20 C:\Users\Dhrumil\AppData\Local\Temp\VMBuilds\MTE380\arduino_due_x_dbg\Debug/core.a(USBCore.cpp.o)
 .text._Z14USBD_Availablem
                0x00083ba8       0x2c C:\Users\Dhrumil\AppData\Local\Temp\VMBuilds\MTE380\arduino_due_x_dbg\Debug/core.a(USBCore.cpp.o)
                0x00083ba8                USBD_Available(unsigned long)
 .text._Z9USBD_RecvmPvm
                0x00083bd4       0x7c C:\Users\Dhrumil\AppData\Local\Temp\VMBuilds\MTE380\arduino_due_x_dbg\Debug/core.a(USBCore.cpp.o)
                0x00083bd4                USBD_Recv(unsigned long, void*, unsigned long)
 .text._Z9USBD_Recvm
                0x00083c50       0x22 C:\Users\Dhrumil\AppData\Local\Temp\VMBuilds\MTE380\arduino_due_x_dbg\Debug/core.a(USBCore.cpp.o)
                0x00083c50                USBD_Recv(unsigned long)
 *fill*         0x00083c72        0x2 
 .text._Z9USBD_SendmPKvm
                0x00083c74       0x4c C:\Users\Dhrumil\AppData\Local\Temp\VMBuilds\MTE380\arduino_due_x_dbg\Debug/core.a(USBCore.cpp.o)
                0x00083c74                USBD_Send(unsigned long, void const*, unsigned long)
 .text._Z16USBD_SendControlhPKvm
                0x00083cc0       0x40 C:\Users\Dhrumil\AppData\Local\Temp\VMBuilds\MTE380\arduino_due_x_dbg\Debug/core.a(USBCore.cpp.o)
                0x00083cc0                USBD_SendControl(unsigned char, void const*, unsigned long)
 .text.unlikely._ZL24USB_SendStringDescriptorPKhi
                0x00083d00       0x64 C:\Users\Dhrumil\AppData\Local\Temp\VMBuilds\MTE380\arduino_due_x_dbg\Debug/core.a(USBCore.cpp.o)
 .text._Z16USBD_RecvControlPvm
                0x00083d64       0x1c C:\Users\Dhrumil\AppData\Local\Temp\VMBuilds\MTE380\arduino_due_x_dbg\Debug/core.a(USBCore.cpp.o)
                0x00083d64                USBD_RecvControl(void*, unsigned long)
 .text._Z26USBD_ClassInterfaceRequestR8USBSetup
                0x00083d80       0x1e C:\Users\Dhrumil\AppData\Local\Temp\VMBuilds\MTE380\arduino_due_x_dbg\Debug/core.a(USBCore.cpp.o)
                0x00083d80                USBD_ClassInterfaceRequest(USBSetup&)
 .text._Z19USBD_SendInterfacesv
                0x00083d9e       0x22 C:\Users\Dhrumil\AppData\Local\Temp\VMBuilds\MTE380\arduino_due_x_dbg\Debug/core.a(USBCore.cpp.o)
                0x00083d9e                USBD_SendInterfaces()
 .text._Z24USBD_SendOtherInterfacesv
                0x00083dc0       0x22 C:\Users\Dhrumil\AppData\Local\Temp\VMBuilds\MTE380\arduino_due_x_dbg\Debug/core.a(USBCore.cpp.o)
                0x00083dc0                USBD_SendOtherInterfaces()
 .text._Z10USBD_Flushm
                0x00083de2       0x16 C:\Users\Dhrumil\AppData\Local\Temp\VMBuilds\MTE380\arduino_due_x_dbg\Debug/core.a(USBCore.cpp.o)
                0x00083de2                USBD_Flush(unsigned long)
 .text._ZN10USBDevice_C2Ev
                0x00083df8       0x24 C:\Users\Dhrumil\AppData\Local\Temp\VMBuilds\MTE380\arduino_due_x_dbg\Debug/core.a(USBCore.cpp.o)
                0x00083df8                USBDevice_::USBDevice_()
                0x00083df8                USBDevice_::USBDevice_()
 .text._ZN10USBDevice_6attachEv
                0x00083e1c       0x20 C:\Users\Dhrumil\AppData\Local\Temp\VMBuilds\MTE380\arduino_due_x_dbg\Debug/core.a(USBCore.cpp.o)
                0x00083e1c                USBDevice_::attach()
 .text.startup._GLOBAL__sub_I_EndPoints
                0x00083e3c        0xc C:\Users\Dhrumil\AppData\Local\Temp\VMBuilds\MTE380\arduino_due_x_dbg\Debug/core.a(USBCore.cpp.o)
 .text._ZL7USB_ISRv
                0x00083e48      0x454 C:\Users\Dhrumil\AppData\Local\Temp\VMBuilds\MTE380\arduino_due_x_dbg\Debug/core.a(USBCore.cpp.o)
 .text._ZN7Serial_9availableEv
                0x0008429c       0x18 C:\Users\Dhrumil\AppData\Local\Temp\VMBuilds\MTE380\arduino_due_x_dbg\Debug/core.a(CDC.cpp.o)
                0x0008429c                Serial_::available()
 .text._ZN7Serial_17availableForWriteEv
                0x000842b4        0x6 C:\Users\Dhrumil\AppData\Local\Temp\VMBuilds\MTE380\arduino_due_x_dbg\Debug/core.a(CDC.cpp.o)
                0x000842b4                Serial_::availableForWrite()
 *fill*         0x000842ba        0x2 
 .text._ZN7Serial_4peekEv
                0x000842bc       0x20 C:\Users\Dhrumil\AppData\Local\Temp\VMBuilds\MTE380\arduino_due_x_dbg\Debug/core.a(CDC.cpp.o)
                0x000842bc                Serial_::peek()
 .text._ZN7Serial_5writeEh
                0x000842dc       0x16 C:\Users\Dhrumil\AppData\Local\Temp\VMBuilds\MTE380\arduino_due_x_dbg\Debug/core.a(CDC.cpp.o)
                0x000842dc                Serial_::write(unsigned char)
 *fill*         0x000842f2        0x2 
 .text._ZN7Serial_4readEv
                0x000842f4       0x44 C:\Users\Dhrumil\AppData\Local\Temp\VMBuilds\MTE380\arduino_due_x_dbg\Debug/core.a(CDC.cpp.o)
                0x000842f4                Serial_::read()
 .text._ZN7Serial_5flushEv
                0x00084338        0x6 C:\Users\Dhrumil\AppData\Local\Temp\VMBuilds\MTE380\arduino_due_x_dbg\Debug/core.a(CDC.cpp.o)
                0x00084338                Serial_::flush()
 *fill*         0x0008433e        0x2 
 .text._ZN7Serial_6acceptEv
                0x00084340       0x70 C:\Users\Dhrumil\AppData\Local\Temp\VMBuilds\MTE380\arduino_due_x_dbg\Debug/core.a(CDC.cpp.o)
                0x00084340                Serial_::accept()
 .text._ZN7Serial_5writeEPKhj
                0x000843b0       0x2c C:\Users\Dhrumil\AppData\Local\Temp\VMBuilds\MTE380\arduino_due_x_dbg\Debug/core.a(CDC.cpp.o)
                0x000843b0                Serial_::write(unsigned char const*, unsigned int)
 .text._Z16CDC_GetInterfacePh
                0x000843dc       0x14 C:\Users\Dhrumil\AppData\Local\Temp\VMBuilds\MTE380\arduino_due_x_dbg\Debug/core.a(CDC.cpp.o)
                0x000843dc                CDC_GetInterface(unsigned char*)
 .text._Z21CDC_GetOtherInterfacePh
                0x000843f0       0x14 C:\Users\Dhrumil\AppData\Local\Temp\VMBuilds\MTE380\arduino_due_x_dbg\Debug/core.a(CDC.cpp.o)
                0x000843f0                CDC_GetOtherInterface(unsigned char*)
 .text._Z9CDC_SetupR8USBSetup
                0x00084404       0x78 C:\Users\Dhrumil\AppData\Local\Temp\VMBuilds\MTE380\arduino_due_x_dbg\Debug/core.a(CDC.cpp.o)
                0x00084404                CDC_Setup(USBSetup&)
 .text.startup._GLOBAL__sub_I_cdc_rx_buffer
                0x0008447c       0x1c C:\Users\Dhrumil\AppData\Local\Temp\VMBuilds\MTE380\arduino_due_x_dbg\Debug/core.a(CDC.cpp.o)
 .text._ZN13PluggableUSB_12getInterfaceEPh
                0x00084498       0x28 C:\Users\Dhrumil\AppData\Local\Temp\VMBuilds\MTE380\arduino_due_x_dbg\Debug/core.a(PluggableUSB.cpp.o)
                0x00084498                PluggableUSB_::getInterface(unsigned char*)
 .text._ZN13PluggableUSB_13getDescriptorER8USBSetup
                0x000844c0       0x1c C:\Users\Dhrumil\AppData\Local\Temp\VMBuilds\MTE380\arduino_due_x_dbg\Debug/core.a(PluggableUSB.cpp.o)
                0x000844c0                PluggableUSB_::getDescriptor(USBSetup&)
 .text._ZN13PluggableUSB_12getShortNameEPc
                0x000844dc       0x1c C:\Users\Dhrumil\AppData\Local\Temp\VMBuilds\MTE380\arduino_due_x_dbg\Debug/core.a(PluggableUSB.cpp.o)
                0x000844dc                PluggableUSB_::getShortName(char*)
 .text._ZN13PluggableUSB_5setupER8USBSetup
                0x000844f8       0x20 C:\Users\Dhrumil\AppData\Local\Temp\VMBuilds\MTE380\arduino_due_x_dbg\Debug/core.a(PluggableUSB.cpp.o)
                0x000844f8                PluggableUSB_::setup(USBSetup&)
 .text._Z12PluggableUSBv
                0x00084518       0x28 C:\Users\Dhrumil\AppData\Local\Temp\VMBuilds\MTE380\arduino_due_x_dbg\Debug/core.a(PluggableUSB.cpp.o)
                0x00084518                PluggableUSB()
 .text.TimeTick_Increment
                0x00084540       0x10 C:\Users\Dhrumil\AppData\Local\arduino15\packages\arduino\hardware\sam\1.6.11\variants\arduino_due_x/libsam_sam3x8e_gcc_rel.a(timetick.o)
                0x00084540                TimeTick_Increment
 .text.GetTickCount
                0x00084550        0xc C:\Users\Dhrumil\AppData\Local\arduino15\packages\arduino\hardware\sam\1.6.11\variants\arduino_due_x/libsam_sam3x8e_gcc_rel.a(timetick.o)
                0x00084550                GetTickCount
 .text.WDT_Disable
                0x0008455c        0x8 C:\Users\Dhrumil\AppData\Local\arduino15\packages\arduino\hardware\sam\1.6.11\variants\arduino_due_x/libsam_sam3x8e_gcc_rel.a(wdt.o)
                0x0008455c                WDT_Disable
 .text.UDD_SetStack
                0x00084564        0xc C:\Users\Dhrumil\AppData\Local\arduino15\packages\arduino\hardware\sam\1.6.11\variants\arduino_due_x/libsam_sam3x8e_gcc_rel.a(uotghs_device.o)
                0x00084564                UDD_SetStack
 .text.UDD_Init
                0x00084570       0xd0 C:\Users\Dhrumil\AppData\Local\arduino15\packages\arduino\hardware\sam\1.6.11\variants\arduino_due_x/libsam_sam3x8e_gcc_rel.a(uotghs_device.o)
                0x00084570                UDD_Init
 .text.UDD_Attach
                0x00084640       0x50 C:\Users\Dhrumil\AppData\Local\arduino15\packages\arduino\hardware\sam\1.6.11\variants\arduino_due_x/libsam_sam3x8e_gcc_rel.a(uotghs_device.o)
                0x00084640                UDD_Attach
 .text.UDD_InitEP
                0x00084690       0x2c C:\Users\Dhrumil\AppData\Local\arduino15\packages\arduino\hardware\sam\1.6.11\variants\arduino_due_x/libsam_sam3x8e_gcc_rel.a(uotghs_device.o)
                0x00084690                UDD_InitEP
 .text.UDD_InitEndpoints
                0x000846bc       0x3c C:\Users\Dhrumil\AppData\Local\arduino15\packages\arduino\hardware\sam\1.6.11\variants\arduino_due_x/libsam_sam3x8e_gcc_rel.a(uotghs_device.o)
                0x000846bc                UDD_InitEndpoints
 .text.UDD_WaitIN
                0x000846f8       0x10 C:\Users\Dhrumil\AppData\Local\arduino15\packages\arduino\hardware\sam\1.6.11\variants\arduino_due_x/libsam_sam3x8e_gcc_rel.a(uotghs_device.o)
                0x000846f8                UDD_WaitIN
 .text.UDD_WaitOUT
                0x00084708       0x10 C:\Users\Dhrumil\AppData\Local\arduino15\packages\arduino\hardware\sam\1.6.11\variants\arduino_due_x/libsam_sam3x8e_gcc_rel.a(uotghs_device.o)
                0x00084708                UDD_WaitOUT
 .text.UDD_ClearIN
                0x00084718       0x18 C:\Users\Dhrumil\AppData\Local\arduino15\packages\arduino\hardware\sam\1.6.11\variants\arduino_due_x/libsam_sam3x8e_gcc_rel.a(uotghs_device.o)
                0x00084718                UDD_ClearIN
 .text.UDD_ClearOUT
                0x00084730       0x18 C:\Users\Dhrumil\AppData\Local\arduino15\packages\arduino\hardware\sam\1.6.11\variants\arduino_due_x/libsam_sam3x8e_gcc_rel.a(uotghs_device.o)
                0x00084730                UDD_ClearOUT
 .text.UDD_ReceivedSetupInt
                0x00084748       0x10 C:\Users\Dhrumil\AppData\Local\arduino15\packages\arduino\hardware\sam\1.6.11\variants\arduino_due_x/libsam_sam3x8e_gcc_rel.a(uotghs_device.o)
                0x00084748                UDD_ReceivedSetupInt
 .text.UDD_ClearSetupInt
                0x00084758       0x10 C:\Users\Dhrumil\AppData\Local\arduino15\packages\arduino\hardware\sam\1.6.11\variants\arduino_due_x/libsam_sam3x8e_gcc_rel.a(uotghs_device.o)
                0x00084758                UDD_ClearSetupInt
 .text.UDD_Send
                0x00084768       0x88 C:\Users\Dhrumil\AppData\Local\arduino15\packages\arduino\hardware\sam\1.6.11\variants\arduino_due_x/libsam_sam3x8e_gcc_rel.a(uotghs_device.o)
                0x00084768                UDD_Send
 .text.UDD_Send8
                0x000847f0       0x24 C:\Users\Dhrumil\AppData\Local\arduino15\packages\arduino\hardware\sam\1.6.11\variants\arduino_due_x/libsam_sam3x8e_gcc_rel.a(uotghs_device.o)
                0x000847f0                UDD_Send8
 .text.UDD_Recv8
                0x00084814       0x28 C:\Users\Dhrumil\AppData\Local\arduino15\packages\arduino\hardware\sam\1.6.11\variants\arduino_due_x/libsam_sam3x8e_gcc_rel.a(uotghs_device.o)
                0x00084814                UDD_Recv8
 .text.UDD_Recv
                0x0008483c       0x34 C:\Users\Dhrumil\AppData\Local\arduino15\packages\arduino\hardware\sam\1.6.11\variants\arduino_due_x/libsam_sam3x8e_gcc_rel.a(uotghs_device.o)
                0x0008483c                UDD_Recv
 .text.UDD_Stall
                0x00084870       0x14 C:\Users\Dhrumil\AppData\Local\arduino15\packages\arduino\hardware\sam\1.6.11\variants\arduino_due_x/libsam_sam3x8e_gcc_rel.a(uotghs_device.o)
                0x00084870                UDD_Stall
 .text.UDD_FifoByteCount
                0x00084884       0x14 C:\Users\Dhrumil\AppData\Local\arduino15\packages\arduino\hardware\sam\1.6.11\variants\arduino_due_x/libsam_sam3x8e_gcc_rel.a(uotghs_device.o)
                0x00084884                UDD_FifoByteCount
 .text.UDD_ReleaseRX
                0x00084898       0x28 C:\Users\Dhrumil\AppData\Local\arduino15\packages\arduino\hardware\sam\1.6.11\variants\arduino_due_x/libsam_sam3x8e_gcc_rel.a(uotghs_device.o)
                0x00084898                UDD_ReleaseRX
 .text.UDD_ReleaseTX
                0x000848c0       0x28 C:\Users\Dhrumil\AppData\Local\arduino15\packages\arduino\hardware\sam\1.6.11\variants\arduino_due_x/libsam_sam3x8e_gcc_rel.a(uotghs_device.o)
                0x000848c0                UDD_ReleaseTX
 .text.UDD_SetAddress
                0x000848e8       0x20 C:\Users\Dhrumil\AppData\Local\arduino15\packages\arduino\hardware\sam\1.6.11\variants\arduino_due_x/libsam_sam3x8e_gcc_rel.a(uotghs_device.o)
                0x000848e8                UDD_SetAddress
 .text.__assert_func
                0x00084908       0x3c c:/users/dhrumil/appdata/local/arduino15/packages/arduino/tools/arm-none-eabi-gcc/4.8.3-2014q1/bin/../lib/gcc/arm-none-eabi/4.8.3/../../../../arm-none-eabi/lib/armv7-m\libg.a(lib_a-assert.o)
                0x00084908                __assert_func
 .text.fiprintf
                0x00084944       0x28 c:/users/dhrumil/appdata/local/arduino15/packages/arduino/tools/arm-none-eabi-gcc/4.8.3-2014q1/bin/../lib/gcc/arm-none-eabi/4.8.3/../../../../arm-none-eabi/lib/armv7-m\libg.a(lib_a-fiprintf.o)
                0x00084944                fiprintf
 .text.__libc_init_array
                0x0008496c       0x50 c:/users/dhrumil/appdata/local/arduino15/packages/arduino/tools/arm-none-eabi-gcc/4.8.3-2014q1/bin/../lib/gcc/arm-none-eabi/4.8.3/../../../../arm-none-eabi/lib/armv7-m\libg.a(lib_a-init.o)
                0x0008496c                __libc_init_array
 .text.iprintf  0x000849bc       0x28 c:/users/dhrumil/appdata/local/arduino15/packages/arduino/tools/arm-none-eabi-gcc/4.8.3-2014q1/bin/../lib/gcc/arm-none-eabi/4.8.3/../../../../arm-none-eabi/lib/armv7-m\libg.a(lib_a-iprintf.o)
                0x000849bc                iprintf
 .text.malloc   0x000849e4       0x10 c:/users/dhrumil/appdata/local/arduino15/packages/arduino/tools/arm-none-eabi-gcc/4.8.3-2014q1/bin/../lib/gcc/arm-none-eabi/4.8.3/../../../../arm-none-eabi/lib/armv7-m\libg.a(lib_a-malloc.o)
                0x000849e4                malloc
 .text._malloc_r
                0x000849f4      0x538 c:/users/dhrumil/appdata/local/arduino15/packages/arduino/tools/arm-none-eabi-gcc/4.8.3-2014q1/bin/../lib/gcc/arm-none-eabi/4.8.3/../../../../arm-none-eabi/lib/armv7-m\libg.a(lib_a-mallocr.o)
                0x000849f4                _malloc_r
 .text          0x00084f2c       0xec c:/users/dhrumil/appdata/local/arduino15/packages/arduino/tools/arm-none-eabi-gcc/4.8.3-2014q1/bin/../lib/gcc/arm-none-eabi/4.8.3/../../../../arm-none-eabi/lib/armv7-m\libg.a(lib_a-memcpy.o)
                0x00084f2c                memcpy
 .text.memset   0x00085018       0x94 c:/users/dhrumil/appdata/local/arduino15/packages/arduino/tools/arm-none-eabi-gcc/4.8.3-2014q1/bin/../lib/gcc/arm-none-eabi/4.8.3/../../../../arm-none-eabi/lib/armv7-m\libg.a(lib_a-memset.o)
                0x00085018                memset
 .text.__malloc_lock
                0x000850ac        0x4 c:/users/dhrumil/appdata/local/arduino15/packages/arduino/tools/arm-none-eabi-gcc/4.8.3-2014q1/bin/../lib/gcc/arm-none-eabi/4.8.3/../../../../arm-none-eabi/lib/armv7-m\libg.a(lib_a-mlock.o)
                0x000850ac                __malloc_lock
 .text.__malloc_unlock
                0x000850b0        0x4 c:/users/dhrumil/appdata/local/arduino15/packages/arduino/tools/arm-none-eabi-gcc/4.8.3-2014q1/bin/../lib/gcc/arm-none-eabi/4.8.3/../../../../arm-none-eabi/lib/armv7-m\libg.a(lib_a-mlock.o)
                0x000850b0                __malloc_unlock
 .text._sbrk_r  0x000850b4       0x24 c:/users/dhrumil/appdata/local/arduino15/packages/arduino/tools/arm-none-eabi-gcc/4.8.3-2014q1/bin/../lib/gcc/arm-none-eabi/4.8.3/../../../../arm-none-eabi/lib/armv7-m\libg.a(lib_a-sbrkr.o)
                0x000850b4                _sbrk_r
 .text.strlen   0x000850d8       0x60 c:/users/dhrumil/appdata/local/arduino15/packages/arduino/tools/arm-none-eabi-gcc/4.8.3-2014q1/bin/../lib/gcc/arm-none-eabi/4.8.3/../../../../arm-none-eabi/lib/armv7-m\libg.a(lib_a-strlen.o)
                0x000850d8                strlen
 .text.kill     0x00085138       0x10 c:/users/dhrumil/appdata/local/arduino15/packages/arduino/tools/arm-none-eabi-gcc/4.8.3-2014q1/bin/../lib/gcc/arm-none-eabi/4.8.3/../../../../arm-none-eabi/lib/armv7-m\libg.a(lib_a-syskill.o)
                0x00085138                kill
 .text.__sprint_r.part.0
                0x00085148       0x78 c:/users/dhrumil/appdata/local/arduino15/packages/arduino/tools/arm-none-eabi-gcc/4.8.3-2014q1/bin/../lib/gcc/arm-none-eabi/4.8.3/../../../../arm-none-eabi/lib/armv7-m\libg.a(lib_a-vfiprintf.o)
 .text._vfiprintf_r
                0x000851c0      0xc54 c:/users/dhrumil/appdata/local/arduino15/packages/arduino/tools/arm-none-eabi-gcc/4.8.3-2014q1/bin/../lib/gcc/arm-none-eabi/4.8.3/../../../../arm-none-eabi/lib/armv7-m\libg.a(lib_a-vfiprintf.o)
                0x000851c0                _vfiprintf_r
 .text.__sbprintf
                0x00085e14       0x7c c:/users/dhrumil/appdata/local/arduino15/packages/arduino/tools/arm-none-eabi-gcc/4.8.3-2014q1/bin/../lib/gcc/arm-none-eabi/4.8.3/../../../../arm-none-eabi/lib/armv7-m\libg.a(lib_a-vfiprintf.o)
 .text.__swsetup_r
                0x00085e90       0xc4 c:/users/dhrumil/appdata/local/arduino15/packages/arduino/tools/arm-none-eabi-gcc/4.8.3-2014q1/bin/../lib/gcc/arm-none-eabi/4.8.3/../../../../arm-none-eabi/lib/armv7-m\libg.a(lib_a-wsetup.o)
                0x00085e90                __swsetup_r
 .text.startup.register_fini
                0x00085f54       0x14 c:/users/dhrumil/appdata/local/arduino15/packages/arduino/tools/arm-none-eabi-gcc/4.8.3-2014q1/bin/../lib/gcc/arm-none-eabi/4.8.3/../../../../arm-none-eabi/lib/armv7-m\libg.a(lib_a-__call_atexit.o)
 .text.abort    0x00085f68       0x10 c:/users/dhrumil/appdata/local/arduino15/packages/arduino/tools/arm-none-eabi-gcc/4.8.3-2014q1/bin/../lib/gcc/arm-none-eabi/4.8.3/../../../../arm-none-eabi/lib/armv7-m\libg.a(lib_a-abort.o)
                0x00085f68                abort
 .text.atexit   0x00085f78        0xc c:/users/dhrumil/appdata/local/arduino15/packages/arduino/tools/arm-none-eabi-gcc/4.8.3-2014q1/bin/../lib/gcc/arm-none-eabi/4.8.3/../../../../arm-none-eabi/lib/armv7-m\libg.a(lib_a-atexit.o)
                0x00085f78                atexit
 .text.__sflush_r
                0x00085f84      0x148 c:/users/dhrumil/appdata/local/arduino15/packages/arduino/tools/arm-none-eabi-gcc/4.8.3-2014q1/bin/../lib/gcc/arm-none-eabi/4.8.3/../../../../arm-none-eabi/lib/armv7-m\libg.a(lib_a-fflush.o)
                0x00085f84                __sflush_r
 .text._fflush_r
                0x000860cc       0x2c c:/users/dhrumil/appdata/local/arduino15/packages/arduino/tools/arm-none-eabi-gcc/4.8.3-2014q1/bin/../lib/gcc/arm-none-eabi/4.8.3/../../../../arm-none-eabi/lib/armv7-m\libg.a(lib_a-fflush.o)
                0x000860cc                _fflush_r
 .text._cleanup_r
                0x000860f8        0xc c:/users/dhrumil/appdata/local/arduino15/packages/arduino/tools/arm-none-eabi-gcc/4.8.3-2014q1/bin/../lib/gcc/arm-none-eabi/4.8.3/../../../../arm-none-eabi/lib/armv7-m\libg.a(lib_a-findfp.o)
                0x000860f8                _cleanup_r
 .text.__sinit  0x00086104       0xf4 c:/users/dhrumil/appdata/local/arduino15/packages/arduino/tools/arm-none-eabi-gcc/4.8.3-2014q1/bin/../lib/gcc/arm-none-eabi/4.8.3/../../../../arm-none-eabi/lib/armv7-m\libg.a(lib_a-findfp.o)
                0x00086104                __sinit
 .text.__sfp_lock_acquire
                0x000861f8        0x4 c:/users/dhrumil/appdata/local/arduino15/packages/arduino/tools/arm-none-eabi-gcc/4.8.3-2014q1/bin/../lib/gcc/arm-none-eabi/4.8.3/../../../../arm-none-eabi/lib/armv7-m\libg.a(lib_a-findfp.o)
                0x000861f8                __sfp_lock_acquire
 .text.__sfp_lock_release
                0x000861fc        0x4 c:/users/dhrumil/appdata/local/arduino15/packages/arduino/tools/arm-none-eabi-gcc/4.8.3-2014q1/bin/../lib/gcc/arm-none-eabi/4.8.3/../../../../arm-none-eabi/lib/armv7-m\libg.a(lib_a-findfp.o)
                0x000861fc                __sfp_lock_release
 .text.__libc_fini_array
                0x00086200       0x30 c:/users/dhrumil/appdata/local/arduino15/packages/arduino/tools/arm-none-eabi-gcc/4.8.3-2014q1/bin/../lib/gcc/arm-none-eabi/4.8.3/../../../../arm-none-eabi/lib/armv7-m\libg.a(lib_a-fini.o)
                0x00086200                __libc_fini_array
 .text._fputwc_r
                0x00086230       0xc0 c:/users/dhrumil/appdata/local/arduino15/packages/arduino/tools/arm-none-eabi-gcc/4.8.3-2014q1/bin/../lib/gcc/arm-none-eabi/4.8.3/../../../../arm-none-eabi/lib/armv7-m\libg.a(lib_a-fputwc.o)
                0x00086230                _fputwc_r
 .text._malloc_trim_r
                0x000862f0       0x9c c:/users/dhrumil/appdata/local/arduino15/packages/arduino/tools/arm-none-eabi-gcc/4.8.3-2014q1/bin/../lib/gcc/arm-none-eabi/4.8.3/../../../../arm-none-eabi/lib/armv7-m\libg.a(lib_a-freer.o)
                0x000862f0                _malloc_trim_r
 .text._free_r  0x0008638c      0x198 c:/users/dhrumil/appdata/local/arduino15/packages/arduino/tools/arm-none-eabi-gcc/4.8.3-2014q1/bin/../lib/gcc/arm-none-eabi/4.8.3/../../../../arm-none-eabi/lib/armv7-m\libg.a(lib_a-freer.o)
                0x0008638c                _free_r
 .text.__sfvwrite_r
                0x00086524      0x314 c:/users/dhrumil/appdata/local/arduino15/packages/arduino/tools/arm-none-eabi-gcc/4.8.3-2014q1/bin/../lib/gcc/arm-none-eabi/4.8.3/../../../../arm-none-eabi/lib/armv7-m\libg.a(lib_a-fvwrite.o)
                0x00086524                __sfvwrite_r
 .text._fwalk   0x00086838       0x48 c:/users/dhrumil/appdata/local/arduino15/packages/arduino/tools/arm-none-eabi-gcc/4.8.3-2014q1/bin/../lib/gcc/arm-none-eabi/4.8.3/../../../../arm-none-eabi/lib/armv7-m\libg.a(lib_a-fwalk.o)
                0x00086838                _fwalk
 .text.__locale_charset
                0x00086880        0x8 c:/users/dhrumil/appdata/local/arduino15/packages/arduino/tools/arm-none-eabi-gcc/4.8.3-2014q1/bin/../lib/gcc/arm-none-eabi/4.8.3/../../../../arm-none-eabi/lib/armv7-m\libg.a(lib_a-locale.o)
                0x00086880                __locale_charset
 .text.__locale_mb_cur_max
                0x00086888        0xc c:/users/dhrumil/appdata/local/arduino15/packages/arduino/tools/arm-none-eabi-gcc/4.8.3-2014q1/bin/../lib/gcc/arm-none-eabi/4.8.3/../../../../arm-none-eabi/lib/armv7-m\libg.a(lib_a-locale.o)
                0x00086888                __locale_mb_cur_max
 .text.__smakebuf_r
                0x00086894       0xe0 c:/users/dhrumil/appdata/local/arduino15/packages/arduino/tools/arm-none-eabi-gcc/4.8.3-2014q1/bin/../lib/gcc/arm-none-eabi/4.8.3/../../../../arm-none-eabi/lib/armv7-m\libg.a(lib_a-makebuf.o)
                0x00086894                __smakebuf_r
 .text.memchr   0x00086974       0x94 c:/users/dhrumil/appdata/local/arduino15/packages/arduino/tools/arm-none-eabi-gcc/4.8.3-2014q1/bin/../lib/gcc/arm-none-eabi/4.8.3/../../../../arm-none-eabi/lib/armv7-m\libg.a(lib_a-memchr-stub.o)
                0x00086974                memchr
 .text.memmove  0x00086a08       0xcc c:/users/dhrumil/appdata/local/arduino15/packages/arduino/tools/arm-none-eabi-gcc/4.8.3-2014q1/bin/../lib/gcc/arm-none-eabi/4.8.3/../../../../arm-none-eabi/lib/armv7-m\libg.a(lib_a-memmove.o)
                0x00086a08                memmove
 .text._realloc_r
                0x00086ad4      0x3c0 c:/users/dhrumil/appdata/local/arduino15/packages/arduino/tools/arm-none-eabi-gcc/4.8.3-2014q1/bin/../lib/gcc/arm-none-eabi/4.8.3/../../../../arm-none-eabi/lib/armv7-m\libg.a(lib_a-reallocr.o)
                0x00086ad4                _realloc_r
 .text._raise_r
                0x00086e94       0x58 c:/users/dhrumil/appdata/local/arduino15/packages/arduino/tools/arm-none-eabi-gcc/4.8.3-2014q1/bin/../lib/gcc/arm-none-eabi/4.8.3/../../../../arm-none-eabi/lib/armv7-m\libg.a(lib_a-signal.o)
                0x00086e94                _raise_r
 .text.raise    0x00086eec       0x10 c:/users/dhrumil/appdata/local/arduino15/packages/arduino/tools/arm-none-eabi-gcc/4.8.3-2014q1/bin/../lib/gcc/arm-none-eabi/4.8.3/../../../../arm-none-eabi/lib/armv7-m\libg.a(lib_a-signal.o)
                0x00086eec                raise
 .text._kill_r  0x00086efc       0x28 c:/users/dhrumil/appdata/local/arduino15/packages/arduino/tools/arm-none-eabi-gcc/4.8.3-2014q1/bin/../lib/gcc/arm-none-eabi/4.8.3/../../../../arm-none-eabi/lib/armv7-m\libg.a(lib_a-signalr.o)
                0x00086efc                _kill_r
 .text._getpid_r
                0x00086f24        0x4 c:/users/dhrumil/appdata/local/arduino15/packages/arduino/tools/arm-none-eabi-gcc/4.8.3-2014q1/bin/../lib/gcc/arm-none-eabi/4.8.3/../../../../arm-none-eabi/lib/armv7-m\libg.a(lib_a-signalr.o)
                0x00086f24                _getpid_r
 .text.__sread  0x00086f28       0x24 c:/users/dhrumil/appdata/local/arduino15/packages/arduino/tools/arm-none-eabi-gcc/4.8.3-2014q1/bin/../lib/gcc/arm-none-eabi/4.8.3/../../../../arm-none-eabi/lib/armv7-m\libg.a(lib_a-stdio.o)
                0x00086f28                __sread
 .text.__swrite
                0x00086f4c       0x38 c:/users/dhrumil/appdata/local/arduino15/packages/arduino/tools/arm-none-eabi-gcc/4.8.3-2014q1/bin/../lib/gcc/arm-none-eabi/4.8.3/../../../../arm-none-eabi/lib/armv7-m\libg.a(lib_a-stdio.o)
                0x00086f4c                __swrite
 .text.__sseek  0x00086f84       0x20 c:/users/dhrumil/appdata/local/arduino15/packages/arduino/tools/arm-none-eabi-gcc/4.8.3-2014q1/bin/../lib/gcc/arm-none-eabi/4.8.3/../../../../arm-none-eabi/lib/armv7-m\libg.a(lib_a-stdio.o)
                0x00086f84                __sseek
 .text.__sclose
                0x00086fa4        0x8 c:/users/dhrumil/appdata/local/arduino15/packages/arduino/tools/arm-none-eabi-gcc/4.8.3-2014q1/bin/../lib/gcc/arm-none-eabi/4.8.3/../../../../arm-none-eabi/lib/armv7-m\libg.a(lib_a-stdio.o)
                0x00086fa4                __sclose
 .text.__swbuf_r